[2025-10-12T09:45:09Z] === Fetch started ===
[2025-10-12T09:45:09Z] [OK] WorldBank KPI saved: area (12162 rows)
[2025-10-12T09:45:10Z] [OK] WorldBank KPI saved: population (12710 rows)
[2025-10-12T09:45:11Z] [OK] WorldBank KPI saved: population_growth (12512 rows)
[2025-10-12T09:45:12Z] [OK] OWID KPI saved: median_age (14874 rows)
[2025-10-12T09:45:12Z] [OK] WorldBank KPI saved: fertility_rate (12512 rows)
[2025-10-12T09:45:13Z] [OK] WorldBank KPI saved: urbanization_rate (12675 rows)
[2025-10-12T09:45:14Z] [OK] OWID KPI saved: democracy_index (2822 rows)
[2025-10-12T09:45:14Z] [OK] OWID KPI saved: press_freedom_index (1592 rows)
[2025-10-12T09:45:15Z] [OK] CSV KPI saved: world_happiness_index (1154 rows)
[2025-10-12T09:45:16Z] [OK] WorldBank KPI saved: gdp (10827 rows)
[2025-10-12T09:45:16Z] [OK] WorldBank KPI saved: gdp_per_capita_current_us (10827 rows)
[2025-10-12T09:45:17Z] [OK] WorldBank KPI saved: gni_per_capita_current_us (9969 rows)
[2025-10-12T09:45:17Z] [OK] WorldBank KPI saved: gini_index (2399 rows)
[2025-10-12T09:45:18Z] [OK] WorldBank KPI saved: public_debt_of_gdp (1595 rows)
[2025-10-12T09:45:18Z] [OK] WorldBank KPI saved: tax_revenue_of_gdp (4521 rows)
[2025-10-12T09:45:21Z] [OK] WorldBank KPI saved: unemployment_rate (6077 rows)
[2025-10-12T09:45:21Z] [OK] CSV KPI saved: big_mac_index (1873 rows)
[2025-10-12T09:45:21Z] [OK] OWID KPI saved: human_development_index_hdi (5906 rows)
[2025-10-12T09:45:22Z] [OK] WorldBank KPI saved: health_expenditure_per_capita (4357 rows)
[2025-10-12T09:45:23Z] [OK] WorldBank KPI saved: physicians_per_1_000_people (5088 rows)
[2025-10-12T09:45:23Z] [OK] WorldBank KPI saved: hospital_beds_per_1_000_people (4718 rows)
[2025-10-12T09:45:24Z] [OK] WorldBank KPI saved: infant_mortality_rate (11445 rows)
[2025-10-12T09:45:24Z] [OK] WorldBank KPI saved: maternal_mortality_ratio (7527 rows)
[2025-10-12T09:45:25Z] [OK] WorldBank KPI saved: life_expectancy_at_birth (12510 rows)
[2025-10-12T09:45:26Z] [OK] WorldBank KPI saved: adult_literacy_rate (1134 rows)
[2025-10-12T09:45:26Z] [OK] OWID KPI saved: homelessness_rate (16 rows)
[2025-10-12T09:45:27Z] [OK] OWID KPI saved: old_age_dependency_ratio (14874 rows)
[2025-10-12T09:45:28Z] [OK] OWID KPI saved: age_dependency_ratio_total (14874 rows)
[2025-10-12T09:45:28Z] [OK] WorldBank KPI saved: measles_vaccination_mcv1 (7931 rows)
[2025-10-12T09:45:29Z] [OK] WorldBank KPI saved: extreme_poverty (2442 rows)
[2025-10-12T09:45:30Z] [OK] WorldBank KPI saved: access_to_basic_drinking_water (4361 rows)
[2025-10-12T09:45:31Z] [OK] OWID KPI saved: co2_emissions (21986 rows)
[2025-10-12T09:45:31Z] [OK] WorldBank KPI saved: air_quality_pm2_5_exposure (5983 rows)
[2025-10-12T09:45:32Z] [OK] WorldBank KPI saved: renewable_energy_share (6157 rows)
[2025-10-12T09:45:32Z] [OK] WorldBank KPI saved: internet_penetration_rate (5754 rows)
[2025-10-12T09:45:33Z] [OK] WorldBank KPI saved: mobile_subscriptions_per_100_inhabitants (9734 rows)
[2025-10-12T09:45:34Z] [OK] WorldBank KPI saved: railway_length (2109 rows)
[2025-10-12T09:45:34Z] [OK] WorldBank KPI saved: inflation_consumer_price_index (5054 rows)
[2025-10-12T09:45:35Z] [OK] WorldBank KPI saved: employment_to_population_ratio (6077 rows)
[2025-10-12T09:45:36Z] [OK] WorldBank KPI saved: female_labor_force_participation (6256 rows)
[2025-10-12T09:45:36Z] [OK] OWID KPI saved: political_corruption_index (25610 rows)
[2025-10-12T09:45:37Z] [OK] OWID KPI saved: life_expectancy (16869 rows)
[2025-10-12T09:45:38Z] [OK] OWID KPI saved: military_spending_sipri (8264 rows)
[2025-10-12T09:45:38Z] [OK] OWID KPI saved: number_of_armed_conflicts (7272 rows)
[2025-10-12T09:45:39Z] [OK] OWID KPI saved: global_conflict_deaths (601 rows)
[2025-10-12T09:45:39Z] [ERR] OWID fetch failed for living-planet-index.csv?useColumnShortNames=true: HTTP 404
[2025-10-12T09:45:39Z] [WARN] Dummy created for living_planet_index (OWID fetch failed living-planet-index.csv?useColumnShortNames=true)
[2025-10-12T09:45:39Z] [ERR] Living Planet Index failed: [Errno 22] Invalid argument: 'C:\\Users\\carst\\OneDrive\\Dokumente\\realitycheck_Webseite\\test\\data\\pending\\living_planet_index_living-planet-index.csv?useColumnShortNames=true_error.txt'
Traceback (most recent call last):
  File "C:\Users\carst\OneDrive\Dokumente\realitycheck_Webseite\test\scripts\fetch_data.py", line 230, in process_owid
    raise Exception(f"HTTP {resp.status_code}")
Exception: HTTP 404

During handling of the above exception, another exception occurred:

Traceback (most recent call last):
  File "C:\Users\carst\OneDrive\Dokumente\realitycheck_Webseite\test\scripts\fetch_data.py", line 475, in main
    process_owid(kpi_id, meta, countries, c_index, a_index, pending, stats)
    ~~~~~~~~~~~~^^^^^^^^^^^^^^^^^^^^^^^^^^^^^^^^^^^^^^^^^^^^^^^^^^^^^^^^^^^
  File "C:\Users\carst\OneDrive\Dokumente\realitycheck_Webseite\test\scripts\fetch_data.py", line 235, in process_owid
    open(os.path.join(PENDING_DIR, f"{kpi_id}_{source_code}_error.txt"), "w", encoding="utf-8").write(str(e))
    ~~~~^^^^^^^^^^^^^^^^^^^^^^^^^^^^^^^^^^^^^^^^^^^^^^^^^^^^^^^^^^^^^^^^^^^^^^^^^^^^^^^^^^^^^^^
OSError: [Errno 22] Invalid argument: 'C:\\Users\\carst\\OneDrive\\Dokumente\\realitycheck_Webseite\\test\\data\\pending\\living_planet_index_living-planet-index.csv?useColumnShortNames=true_error.txt'

[2025-10-12T09:45:39Z] [INFO] fetch_status.json written with 46 KPIs and 45 pending countries
=== RealityCheck Fetch Report ===
Countries loaded:   203
KPIs processed:     46
Saved records:      356010

WorldBank KPIs:     30
CSV KPIs:           2
OWID KPIs:          13
UNHCR KPIs:         0

Mapping OK:         371691
Mapping dropped:    92699
Mapping pending:    5566

Dummies created:    1
Errors:             1
=================================
✅ Fetch completed successfully

[2025-10-12T10:58:34Z] === Fetch started ===
[2025-10-12T10:58:34Z] [INFO] fetch_status.json written with 0 KPIs and 45 pending countries
=== RealityCheck Fetch Report ===
Countries loaded:   203
KPIs processed:     0
Saved records:      0

WorldBank KPIs:     0
CSV KPIs:           0
OWID KPIs:          0
UNHCR KPIs:         0

Mapping OK:         0
Mapping dropped:    0
Mapping pending:    0

Dummies created:    0
Errors:             0
=================================
✅ Fetch completed successfully

[2025-10-12T10:59:53Z] === Fetch started ===
[2025-10-12T10:59:54Z] [OK] WorldBank KPI saved: area (12162 rows)
[2025-10-12T10:59:54Z] [OK] WorldBank KPI saved: population (12710 rows)
[2025-10-12T10:59:55Z] [OK] WorldBank KPI saved: population_growth (12512 rows)
[2025-10-12T10:59:56Z] [OK] OWID KPI saved: median_age (14874 rows)
[2025-10-12T10:59:56Z] [OK] WorldBank KPI saved: fertility_rate (12512 rows)
[2025-10-12T10:59:57Z] [OK] WorldBank KPI saved: urbanization_rate (12675 rows)
[2025-10-12T10:59:57Z] [OK] OWID KPI saved: democracy_index (2822 rows)
[2025-10-12T10:59:58Z] [OK] OWID KPI saved: press_freedom_index (1592 rows)
[2025-10-12T10:59:58Z] [OK] CSV KPI saved: world_happiness_index (1154 rows)
[2025-10-12T10:59:59Z] [OK] WorldBank KPI saved: gdp (10827 rows)
[2025-10-12T10:59:59Z] [OK] WorldBank KPI saved: gdp_per_capita_current_us (10827 rows)
[2025-10-12T11:00:00Z] [OK] WorldBank KPI saved: gni_per_capita_current_us (9969 rows)
[2025-10-12T11:00:01Z] [OK] WorldBank KPI saved: gini_index (2399 rows)
[2025-10-12T11:00:01Z] [OK] WorldBank KPI saved: public_debt_of_gdp (1595 rows)
[2025-10-12T11:00:02Z] [OK] WorldBank KPI saved: tax_revenue_of_gdp (4521 rows)
[2025-10-12T11:00:02Z] [OK] WorldBank KPI saved: unemployment_rate (6077 rows)
[2025-10-12T11:00:03Z] [OK] CSV KPI saved: big_mac_index (1873 rows)
[2025-10-12T11:00:03Z] [OK] OWID KPI saved: human_development_index_hdi (5906 rows)
[2025-10-12T11:00:03Z] [OK] WorldBank KPI saved: health_expenditure_per_capita (4357 rows)
[2025-10-12T11:00:04Z] [OK] WorldBank KPI saved: physicians_per_1_000_people (5088 rows)
[2025-10-12T11:00:04Z] [OK] WorldBank KPI saved: hospital_beds_per_1_000_people (4718 rows)
[2025-10-12T11:00:05Z] [OK] WorldBank KPI saved: infant_mortality_rate (11445 rows)
[2025-10-12T11:00:06Z] [OK] WorldBank KPI saved: maternal_mortality_ratio (7527 rows)
[2025-10-12T11:00:06Z] [OK] WorldBank KPI saved: life_expectancy_at_birth (12510 rows)
[2025-10-12T11:00:07Z] [OK] WorldBank KPI saved: adult_literacy_rate (1134 rows)
[2025-10-12T11:00:07Z] [OK] OWID KPI saved: homelessness_rate (16 rows)
[2025-10-12T11:00:08Z] [OK] OWID KPI saved: old_age_dependency_ratio (14874 rows)
[2025-10-12T11:00:08Z] [OK] OWID KPI saved: age_dependency_ratio_total (14874 rows)
[2025-10-12T11:00:09Z] [OK] WorldBank KPI saved: measles_vaccination_mcv1 (7931 rows)
[2025-10-12T11:00:09Z] [OK] WorldBank KPI saved: extreme_poverty (2442 rows)
[2025-10-12T11:00:10Z] [OK] WorldBank KPI saved: access_to_basic_drinking_water (4361 rows)
[2025-10-12T11:00:11Z] [OK] OWID KPI saved: co2_emissions (21986 rows)
[2025-10-12T11:00:11Z] [OK] WorldBank KPI saved: air_quality_pm2_5_exposure (5983 rows)
[2025-10-12T11:00:12Z] [OK] WorldBank KPI saved: renewable_energy_share (6157 rows)
[2025-10-12T11:00:12Z] [OK] WorldBank KPI saved: internet_penetration_rate (5754 rows)
[2025-10-12T11:00:13Z] [OK] WorldBank KPI saved: mobile_subscriptions_per_100_inhabitants (9734 rows)
[2025-10-12T11:00:14Z] [OK] WorldBank KPI saved: railway_length (2109 rows)
[2025-10-12T11:00:14Z] [OK] WorldBank KPI saved: inflation_consumer_price_index (5054 rows)
[2025-10-12T11:00:15Z] [OK] WorldBank KPI saved: employment_to_population_ratio (6077 rows)
[2025-10-12T11:00:15Z] [OK] WorldBank KPI saved: female_labor_force_participation (6256 rows)
[2025-10-12T11:00:16Z] [OK] OWID KPI saved: political_corruption_index (25610 rows)
[2025-10-12T11:00:16Z] [OK] OWID KPI saved: life_expectancy (16869 rows)
[2025-10-12T11:00:17Z] [OK] OWID KPI saved: military_spending_sipri (8264 rows)
[2025-10-12T11:00:17Z] [OK] OWID KPI saved: number_of_armed_conflicts (7272 rows)
[2025-10-12T11:00:17Z] [OK] OWID KPI saved: global_conflict_deaths (601 rows)
[2025-10-12T11:00:25Z] [OK] WorldBank KPI saved: road_traffic_deaths_per_100k_people (3669 rows)
[2025-10-12T11:00:26Z] [OK] WorldBank KPI saved: individuals_using_the_internet (5754 rows)
[2025-10-12T11:00:31Z] [OK] WorldBank KPI saved: fixed_broadband_subscriptions_per_100_people (3929 rows)
[2025-10-12T11:00:32Z] [ERR] OWID fetch failed for electric-vehicles-stock.csv?useColumnShortNames=true: HTTP 404
[2025-10-12T11:00:32Z] [WARN] Dummy created for electric_vehicle_stock (OWID fetch failed electric-vehicles-stock.csv?useColumnShortNames=true)
[2025-10-12T11:00:32Z] [ERR] Electric Vehicle Stock failed: [Errno 22] Invalid argument: 'C:\\Users\\carst\\OneDrive\\Dokumente\\realitycheck_Webseite\\test\\data\\pending\\electric_vehicle_stock_electric-vehicles-stock.csv?useColumnShortNames=true_error.txt'
Traceback (most recent call last):
  File "C:\Users\carst\OneDrive\Dokumente\realitycheck_Webseite\test\scripts\fetch_data.py", line 230, in process_owid
    raise Exception(f"HTTP {resp.status_code}")
Exception: HTTP 404

During handling of the above exception, another exception occurred:

Traceback (most recent call last):
  File "C:\Users\carst\OneDrive\Dokumente\realitycheck_Webseite\test\scripts\fetch_data.py", line 475, in main
    process_owid(kpi_id, meta, countries, c_index, a_index, pending, stats)
    ~~~~~~~~~~~~^^^^^^^^^^^^^^^^^^^^^^^^^^^^^^^^^^^^^^^^^^^^^^^^^^^^^^^^^^^
  File "C:\Users\carst\OneDrive\Dokumente\realitycheck_Webseite\test\scripts\fetch_data.py", line 235, in process_owid
    open(os.path.join(PENDING_DIR, f"{kpi_id}_{source_code}_error.txt"), "w", encoding="utf-8").write(str(e))
    ~~~~^^^^^^^^^^^^^^^^^^^^^^^^^^^^^^^^^^^^^^^^^^^^^^^^^^^^^^^^^^^^^^^^^^^^^^^^^^^^^^^^^^^^^^^
OSError: [Errno 22] Invalid argument: 'C:\\Users\\carst\\OneDrive\\Dokumente\\realitycheck_Webseite\\test\\data\\pending\\electric_vehicle_stock_electric-vehicles-stock.csv?useColumnShortNames=true_error.txt'

[2025-10-12T11:00:35Z] [OK] WorldBank KPI saved: education_expenditure_of_gdp (4942 rows)
[2025-10-12T11:00:36Z] [OK] OWID KPI saved: mean_years_of_schooling (4019 rows)
[2025-10-12T11:00:50Z] [OK] WorldBank KPI saved: military_expenditure_of_gdp (7772 rows)
[2025-10-12T11:00:50Z] [ERR] OWID fetch failed for retirement-age-men.csv?useColumnShortNames=true: HTTP 404
[2025-10-12T11:00:50Z] [WARN] Dummy created for statutory_retirement_age_male (OWID fetch failed retirement-age-men.csv?useColumnShortNames=true)
[2025-10-12T11:00:50Z] [ERR] Statutory Retirement Age (Male) failed: [Errno 22] Invalid argument: 'C:\\Users\\carst\\OneDrive\\Dokumente\\realitycheck_Webseite\\test\\data\\pending\\statutory_retirement_age_male_retirement-age-men.csv?useColumnShortNames=true_error.txt'
Traceback (most recent call last):
  File "C:\Users\carst\OneDrive\Dokumente\realitycheck_Webseite\test\scripts\fetch_data.py", line 230, in process_owid
    raise Exception(f"HTTP {resp.status_code}")
Exception: HTTP 404

During handling of the above exception, another exception occurred:

Traceback (most recent call last):
  File "C:\Users\carst\OneDrive\Dokumente\realitycheck_Webseite\test\scripts\fetch_data.py", line 475, in main
    process_owid(kpi_id, meta, countries, c_index, a_index, pending, stats)
    ~~~~~~~~~~~~^^^^^^^^^^^^^^^^^^^^^^^^^^^^^^^^^^^^^^^^^^^^^^^^^^^^^^^^^^^
  File "C:\Users\carst\OneDrive\Dokumente\realitycheck_Webseite\test\scripts\fetch_data.py", line 235, in process_owid
    open(os.path.join(PENDING_DIR, f"{kpi_id}_{source_code}_error.txt"), "w", encoding="utf-8").write(str(e))
    ~~~~^^^^^^^^^^^^^^^^^^^^^^^^^^^^^^^^^^^^^^^^^^^^^^^^^^^^^^^^^^^^^^^^^^^^^^^^^^^^^^^^^^^^^^^
OSError: [Errno 22] Invalid argument: 'C:\\Users\\carst\\OneDrive\\Dokumente\\realitycheck_Webseite\\test\\data\\pending\\statutory_retirement_age_male_retirement-age-men.csv?useColumnShortNames=true_error.txt'

[2025-10-12T11:00:50Z] [ERR] OWID fetch failed for refugee-stock-by-country-of-asylum.csv?useColumnShortNames=true: HTTP 404
[2025-10-12T11:00:50Z] [WARN] Dummy created for refugees_by_destination (OWID fetch failed refugee-stock-by-country-of-asylum.csv?useColumnShortNames=true)
[2025-10-12T11:00:50Z] [ERR] Refugees by Destination failed: [Errno 22] Invalid argument: 'C:\\Users\\carst\\OneDrive\\Dokumente\\realitycheck_Webseite\\test\\data\\pending\\refugees_by_destination_refugee-stock-by-country-of-asylum.csv?useColumnShortNames=true_error.txt'
Traceback (most recent call last):
  File "C:\Users\carst\OneDrive\Dokumente\realitycheck_Webseite\test\scripts\fetch_data.py", line 230, in process_owid
    raise Exception(f"HTTP {resp.status_code}")
Exception: HTTP 404

During handling of the above exception, another exception occurred:

Traceback (most recent call last):
  File "C:\Users\carst\OneDrive\Dokumente\realitycheck_Webseite\test\scripts\fetch_data.py", line 475, in main
    process_owid(kpi_id, meta, countries, c_index, a_index, pending, stats)
    ~~~~~~~~~~~~^^^^^^^^^^^^^^^^^^^^^^^^^^^^^^^^^^^^^^^^^^^^^^^^^^^^^^^^^^^
  File "C:\Users\carst\OneDrive\Dokumente\realitycheck_Webseite\test\scripts\fetch_data.py", line 235, in process_owid
    open(os.path.join(PENDING_DIR, f"{kpi_id}_{source_code}_error.txt"), "w", encoding="utf-8").write(str(e))
    ~~~~^^^^^^^^^^^^^^^^^^^^^^^^^^^^^^^^^^^^^^^^^^^^^^^^^^^^^^^^^^^^^^^^^^^^^^^^^^^^^^^^^^^^^^^
OSError: [Errno 22] Invalid argument: 'C:\\Users\\carst\\OneDrive\\Dokumente\\realitycheck_Webseite\\test\\data\\pending\\refugees_by_destination_refugee-stock-by-country-of-asylum.csv?useColumnShortNames=true_error.txt'

[2025-10-12T11:00:52Z] [ERR] OWID fetch failed for state-based-battle-related-deaths-per-100000.csv?useColumnShortNames=true: HTTP 404
[2025-10-12T11:00:52Z] [WARN] Dummy created for death_rate_in_state_based_conflicts (OWID fetch failed state-based-battle-related-deaths-per-100000.csv?useColumnShortNames=true)
[2025-10-12T11:00:52Z] [ERR] Death Rate in State-Based Conflicts failed: [Errno 22] Invalid argument: 'C:\\Users\\carst\\OneDrive\\Dokumente\\realitycheck_Webseite\\test\\data\\pending\\death_rate_in_state_based_conflicts_state-based-battle-related-deaths-per-100000.csv?useColumnShortNames=true_error.txt'
Traceback (most recent call last):
  File "C:\Users\carst\OneDrive\Dokumente\realitycheck_Webseite\test\scripts\fetch_data.py", line 230, in process_owid
    raise Exception(f"HTTP {resp.status_code}")
Exception: HTTP 404

During handling of the above exception, another exception occurred:

Traceback (most recent call last):
  File "C:\Users\carst\OneDrive\Dokumente\realitycheck_Webseite\test\scripts\fetch_data.py", line 475, in main
    process_owid(kpi_id, meta, countries, c_index, a_index, pending, stats)
    ~~~~~~~~~~~~^^^^^^^^^^^^^^^^^^^^^^^^^^^^^^^^^^^^^^^^^^^^^^^^^^^^^^^^^^^
  File "C:\Users\carst\OneDrive\Dokumente\realitycheck_Webseite\test\scripts\fetch_data.py", line 235, in process_owid
    open(os.path.join(PENDING_DIR, f"{kpi_id}_{source_code}_error.txt"), "w", encoding="utf-8").write(str(e))
    ~~~~^^^^^^^^^^^^^^^^^^^^^^^^^^^^^^^^^^^^^^^^^^^^^^^^^^^^^^^^^^^^^^^^^^^^^^^^^^^^^^^^^^^^^^^
OSError: [Errno 22] Invalid argument: 'C:\\Users\\carst\\OneDrive\\Dokumente\\realitycheck_Webseite\\test\\data\\pending\\death_rate_in_state_based_conflicts_state-based-battle-related-deaths-per-100000.csv?useColumnShortNames=true_error.txt'

[2025-10-12T11:00:52Z] [ERR] OWID fetch failed for living-planet-index.csv?useColumnShortNames=true: HTTP 404
[2025-10-12T11:00:52Z] [WARN] Keeping old data for living_planet_index (OWID fetch failed living-planet-index.csv?useColumnShortNames=true)
[2025-10-12T11:00:52Z] [ERR] Living Planet Index failed: [Errno 22] Invalid argument: 'C:\\Users\\carst\\OneDrive\\Dokumente\\realitycheck_Webseite\\test\\data\\pending\\living_planet_index_living-planet-index.csv?useColumnShortNames=true_error.txt'
Traceback (most recent call last):
  File "C:\Users\carst\OneDrive\Dokumente\realitycheck_Webseite\test\scripts\fetch_data.py", line 230, in process_owid
    raise Exception(f"HTTP {resp.status_code}")
Exception: HTTP 404

During handling of the above exception, another exception occurred:

Traceback (most recent call last):
  File "C:\Users\carst\OneDrive\Dokumente\realitycheck_Webseite\test\scripts\fetch_data.py", line 475, in main
    process_owid(kpi_id, meta, countries, c_index, a_index, pending, stats)
    ~~~~~~~~~~~~^^^^^^^^^^^^^^^^^^^^^^^^^^^^^^^^^^^^^^^^^^^^^^^^^^^^^^^^^^^
  File "C:\Users\carst\OneDrive\Dokumente\realitycheck_Webseite\test\scripts\fetch_data.py", line 235, in process_owid
    open(os.path.join(PENDING_DIR, f"{kpi_id}_{source_code}_error.txt"), "w", encoding="utf-8").write(str(e))
    ~~~~^^^^^^^^^^^^^^^^^^^^^^^^^^^^^^^^^^^^^^^^^^^^^^^^^^^^^^^^^^^^^^^^^^^^^^^^^^^^^^^^^^^^^^^
OSError: [Errno 22] Invalid argument: 'C:\\Users\\carst\\OneDrive\\Dokumente\\realitycheck_Webseite\\test\\data\\pending\\living_planet_index_living-planet-index.csv?useColumnShortNames=true_error.txt'

[2025-10-12T11:00:52Z] [INFO] fetch_status.json written with 56 KPIs and 45 pending countries
=== RealityCheck Fetch Report ===
Countries loaded:   203
KPIs processed:     56
Saved records:      386095

WorldBank KPIs:     35
CSV KPIs:           2
OWID KPIs:          14
UNHCR KPIs:         0

Mapping OK:         401776
Mapping dropped:    102767
Mapping pending:    2960

Dummies created:    4
Errors:             5
=================================
✅ Fetch completed successfully

[2025-10-12T11:16:10Z] === Fetch started ===
[2025-10-12T11:16:11Z] [OK] WorldBank KPI saved: area (12162 rows)
[2025-10-12T11:16:12Z] [OK] WorldBank KPI saved: population (12710 rows)
[2025-10-12T11:16:12Z] [OK] WorldBank KPI saved: population_growth (12512 rows)
[2025-10-12T11:16:13Z] [OK] OWID KPI saved: median_age (14874 rows)
[2025-10-12T11:16:13Z] [OK] WorldBank KPI saved: fertility_rate (12512 rows)
[2025-10-12T11:16:14Z] [OK] WorldBank KPI saved: urbanization_rate (12675 rows)
[2025-10-12T11:16:14Z] [OK] OWID KPI saved: democracy_index (2822 rows)
[2025-10-12T11:16:15Z] [OK] OWID KPI saved: press_freedom_index (1592 rows)
[2025-10-12T11:16:15Z] [OK] CSV KPI saved: world_happiness_index (1154 rows)
[2025-10-12T11:16:15Z] [OK] WorldBank KPI saved: gdp (10827 rows)
[2025-10-12T11:16:16Z] [OK] WorldBank KPI saved: gdp_per_capita_current_us (10827 rows)
[2025-10-12T11:16:17Z] [OK] WorldBank KPI saved: gni_per_capita_current_us (9969 rows)
[2025-10-12T11:16:18Z] [OK] WorldBank KPI saved: gini_index (2399 rows)
[2025-10-12T11:16:18Z] [OK] WorldBank KPI saved: public_debt_of_gdp (1595 rows)
[2025-10-12T11:16:19Z] [OK] WorldBank KPI saved: tax_revenue_of_gdp (4521 rows)
[2025-10-12T11:16:20Z] [OK] WorldBank KPI saved: unemployment_rate (6077 rows)
[2025-10-12T11:16:20Z] [OK] CSV KPI saved: big_mac_index (1873 rows)
[2025-10-12T11:16:20Z] [OK] OWID KPI saved: human_development_index_hdi (5906 rows)
[2025-10-12T11:16:21Z] [OK] WorldBank KPI saved: health_expenditure_per_capita (4357 rows)
[2025-10-12T11:16:21Z] [OK] WorldBank KPI saved: physicians_per_1_000_people (5088 rows)
[2025-10-12T11:16:22Z] [OK] WorldBank KPI saved: hospital_beds_per_1_000_people (4718 rows)
[2025-10-12T11:16:22Z] [OK] WorldBank KPI saved: infant_mortality_rate (11445 rows)
[2025-10-12T11:16:23Z] [OK] WorldBank KPI saved: maternal_mortality_ratio (7527 rows)
[2025-10-12T11:16:24Z] [OK] WorldBank KPI saved: life_expectancy_at_birth (12510 rows)
[2025-10-12T11:16:24Z] [OK] WorldBank KPI saved: adult_literacy_rate (1134 rows)
[2025-10-12T11:16:25Z] [OK] OWID KPI saved: homelessness_rate (16 rows)
[2025-10-12T11:16:25Z] [OK] OWID KPI saved: old_age_dependency_ratio (14874 rows)
[2025-10-12T11:16:26Z] [OK] OWID KPI saved: age_dependency_ratio_total (14874 rows)
[2025-10-12T11:16:26Z] [OK] WorldBank KPI saved: measles_vaccination_mcv1 (7931 rows)
[2025-10-12T11:16:27Z] [OK] WorldBank KPI saved: extreme_poverty (2442 rows)
[2025-10-12T11:16:28Z] [OK] WorldBank KPI saved: access_to_basic_drinking_water (4361 rows)
[2025-10-12T11:16:28Z] [OK] OWID KPI saved: co2_emissions (21986 rows)
[2025-10-12T11:16:29Z] [OK] WorldBank KPI saved: air_quality_pm2_5_exposure (5983 rows)
[2025-10-12T11:16:30Z] [OK] WorldBank KPI saved: renewable_energy_share (6157 rows)
[2025-10-12T11:16:30Z] [OK] WorldBank KPI saved: internet_penetration_rate (5754 rows)
[2025-10-12T11:16:31Z] [OK] WorldBank KPI saved: mobile_subscriptions_per_100_inhabitants (9734 rows)
[2025-10-12T11:16:32Z] [OK] WorldBank KPI saved: railway_length (2109 rows)
[2025-10-12T11:16:32Z] [OK] WorldBank KPI saved: inflation_consumer_price_index (5054 rows)
[2025-10-12T11:16:33Z] [OK] WorldBank KPI saved: employment_to_population_ratio (6077 rows)
[2025-10-12T11:16:33Z] [OK] WorldBank KPI saved: female_labor_force_participation (6256 rows)
[2025-10-12T11:16:34Z] [OK] OWID KPI saved: political_corruption_index (25610 rows)
[2025-10-12T11:16:34Z] [OK] OWID KPI saved: life_expectancy (16869 rows)
[2025-10-12T11:16:35Z] [OK] OWID KPI saved: military_spending_sipri (8264 rows)
[2025-10-12T11:16:35Z] [OK] OWID KPI saved: number_of_armed_conflicts (7272 rows)
[2025-10-12T11:16:36Z] [OK] OWID KPI saved: global_conflict_deaths (601 rows)
[2025-10-12T11:16:36Z] [OK] WorldBank KPI saved: road_traffic_deaths_per_100k_people (3669 rows)
[2025-10-12T11:16:37Z] [OK] WorldBank KPI saved: individuals_using_the_internet (5754 rows)
[2025-10-12T11:16:37Z] [OK] WorldBank KPI saved: fixed_broadband_subscriptions_per_100_people (3929 rows)
[2025-10-12T11:16:38Z] [ERR] OWID fetch failed for https://raw.githubusercontent.com/owid/owid-datasets/master/datasets/Electric%20vehicles%20stock/Electric%20vehicles%20stock.csv: HTTP 404
[2025-10-12T11:16:38Z] [WARN] Keeping old data for electric_vehicle_stock (OWID fetch failed https://raw.githubusercontent.com/owid/owid-datasets/master/datasets/Electric%20vehicles%20stock/Electric%20vehicles%20stock.csv)
[2025-10-12T11:16:38Z] [OK] WorldBank KPI saved: education_expenditure_of_gdp (4942 rows)
[2025-10-12T11:16:39Z] [OK] OWID KPI saved: mean_years_of_schooling (4019 rows)
[2025-10-12T11:16:40Z] [OK] WorldBank KPI saved: military_expenditure_of_gdp (7772 rows)
[2025-10-12T11:16:40Z] [ERR] OWID fetch failed for https://raw.githubusercontent.com/owid/owid-datasets/master/datasets/Statutory%20retirement%20age%20(Male)/Statutory%20retirement%20age%20(Male).csv: HTTP 404
[2025-10-12T11:16:40Z] [WARN] Keeping old data for statutory_retirement_age_male (OWID fetch failed https://raw.githubusercontent.com/owid/owid-datasets/master/datasets/Statutory%20retirement%20age%20(Male)/Statutory%20retirement%20age%20(Male).csv)
[2025-10-12T11:16:40Z] [ERR] Statutory Retirement Age (Male) failed: [Errno 2] No such file or directory: 'C:\\Users\\carst\\OneDrive\\Dokumente\\realitycheck_Webseite\\test\\data\\pending\\statutory_retirement_age_male_https___raw_githubusercontent_com_owid_owid-datasets_master_datasets_Statutory_20retirement_20age_20_Male__Statutory_20retirement_20age_20_Male__csv_error.txt'
Traceback (most recent call last):
  File "C:\Users\carst\OneDrive\Dokumente\realitycheck_Webseite\test\scripts\fetch_data.py", line 230, in process_owid
    raise Exception(f"HTTP {resp.status_code}")
Exception: HTTP 404

During handling of the above exception, another exception occurred:

Traceback (most recent call last):
  File "C:\Users\carst\OneDrive\Dokumente\realitycheck_Webseite\test\scripts\fetch_data.py", line 477, in main
    process_owid(kpi_id, meta, countries, c_index, a_index, pending, stats)
    ~~~~~~~~~~~~^^^^^^^^^^^^^^^^^^^^^^^^^^^^^^^^^^^^^^^^^^^^^^^^^^^^^^^^^^^
  File "C:\Users\carst\OneDrive\Dokumente\realitycheck_Webseite\test\scripts\fetch_data.py", line 237, in process_owid
    open(os.path.join(PENDING_DIR, f"{kpi_id}_{safe_code}_error.txt"), "w", encoding="utf-8").write(str(e))
    ~~~~^^^^^^^^^^^^^^^^^^^^^^^^^^^^^^^^^^^^^^^^^^^^^^^^^^^^^^^^^^^^^^^^^^^^^^^^^^^^^^^^^^^^^
FileNotFoundError: [Errno 2] No such file or directory: 'C:\\Users\\carst\\OneDrive\\Dokumente\\realitycheck_Webseite\\test\\data\\pending\\statutory_retirement_age_male_https___raw_githubusercontent_com_owid_owid-datasets_master_datasets_Statutory_20retirement_20age_20_Male__Statutory_20retirement_20age_20_Male__csv_error.txt'

[2025-10-12T11:16:40Z] [ERR] OWID fetch failed for https://raw.githubusercontent.com/owid/owid-datasets/master/datasets/Refugee%20stock%20by%20country%20of%20asylum/Refugee%20stock%20by%20country%20of%20asylum.csv: HTTP 404
[2025-10-12T11:16:40Z] [WARN] Keeping old data for refugees_by_destination (OWID fetch failed https://raw.githubusercontent.com/owid/owid-datasets/master/datasets/Refugee%20stock%20by%20country%20of%20asylum/Refugee%20stock%20by%20country%20of%20asylum.csv)
[2025-10-12T11:16:40Z] [ERR] Refugees by Destination failed: [Errno 2] No such file or directory: 'C:\\Users\\carst\\OneDrive\\Dokumente\\realitycheck_Webseite\\test\\data\\pending\\refugees_by_destination_https___raw_githubusercontent_com_owid_owid-datasets_master_datasets_Refugee_20stock_20by_20country_20of_20asylum_Refugee_20stock_20by_20country_20of_20asylum_csv_error.txt'
Traceback (most recent call last):
  File "C:\Users\carst\OneDrive\Dokumente\realitycheck_Webseite\test\scripts\fetch_data.py", line 230, in process_owid
    raise Exception(f"HTTP {resp.status_code}")
Exception: HTTP 404

During handling of the above exception, another exception occurred:

Traceback (most recent call last):
  File "C:\Users\carst\OneDrive\Dokumente\realitycheck_Webseite\test\scripts\fetch_data.py", line 477, in main
    process_owid(kpi_id, meta, countries, c_index, a_index, pending, stats)
    ~~~~~~~~~~~~^^^^^^^^^^^^^^^^^^^^^^^^^^^^^^^^^^^^^^^^^^^^^^^^^^^^^^^^^^^
  File "C:\Users\carst\OneDrive\Dokumente\realitycheck_Webseite\test\scripts\fetch_data.py", line 237, in process_owid
    open(os.path.join(PENDING_DIR, f"{kpi_id}_{safe_code}_error.txt"), "w", encoding="utf-8").write(str(e))
    ~~~~^^^^^^^^^^^^^^^^^^^^^^^^^^^^^^^^^^^^^^^^^^^^^^^^^^^^^^^^^^^^^^^^^^^^^^^^^^^^^^^^^^^^^
FileNotFoundError: [Errno 2] No such file or directory: 'C:\\Users\\carst\\OneDrive\\Dokumente\\realitycheck_Webseite\\test\\data\\pending\\refugees_by_destination_https___raw_githubusercontent_com_owid_owid-datasets_master_datasets_Refugee_20stock_20by_20country_20of_20asylum_Refugee_20stock_20by_20country_20of_20asylum_csv_error.txt'

[2025-10-12T11:16:41Z] [ERR] OWID fetch failed for https://raw.githubusercontent.com/owid/owid-datasets/master/datasets/State-based%20battle-related%20deaths%20per%20100%2C000/State-based%20battle-related%20deaths%20per%20100%2C000.csv: HTTP 404
[2025-10-12T11:16:41Z] [WARN] Keeping old data for death_rate_in_state_based_conflicts (OWID fetch failed https://raw.githubusercontent.com/owid/owid-datasets/master/datasets/State-based%20battle-related%20deaths%20per%20100%2C000/State-based%20battle-related%20deaths%20per%20100%2C000.csv)
[2025-10-12T11:16:41Z] [ERR] Death Rate in State-Based Conflicts failed: [Errno 2] No such file or directory: 'C:\\Users\\carst\\OneDrive\\Dokumente\\realitycheck_Webseite\\test\\data\\pending\\death_rate_in_state_based_conflicts_https___raw_githubusercontent_com_owid_owid-datasets_master_datasets_State-based_20battle-related_20deaths_20per_20100_2C000_State-based_20battle-related_20deaths_20per_20100_2C000_csv_error.txt'
Traceback (most recent call last):
  File "C:\Users\carst\OneDrive\Dokumente\realitycheck_Webseite\test\scripts\fetch_data.py", line 230, in process_owid
    raise Exception(f"HTTP {resp.status_code}")
Exception: HTTP 404

During handling of the above exception, another exception occurred:

Traceback (most recent call last):
  File "C:\Users\carst\OneDrive\Dokumente\realitycheck_Webseite\test\scripts\fetch_data.py", line 477, in main
    process_owid(kpi_id, meta, countries, c_index, a_index, pending, stats)
    ~~~~~~~~~~~~^^^^^^^^^^^^^^^^^^^^^^^^^^^^^^^^^^^^^^^^^^^^^^^^^^^^^^^^^^^
  File "C:\Users\carst\OneDrive\Dokumente\realitycheck_Webseite\test\scripts\fetch_data.py", line 237, in process_owid
    open(os.path.join(PENDING_DIR, f"{kpi_id}_{safe_code}_error.txt"), "w", encoding="utf-8").write(str(e))
    ~~~~^^^^^^^^^^^^^^^^^^^^^^^^^^^^^^^^^^^^^^^^^^^^^^^^^^^^^^^^^^^^^^^^^^^^^^^^^^^^^^^^^^^^^
FileNotFoundError: [Errno 2] No such file or directory: 'C:\\Users\\carst\\OneDrive\\Dokumente\\realitycheck_Webseite\\test\\data\\pending\\death_rate_in_state_based_conflicts_https___raw_githubusercontent_com_owid_owid-datasets_master_datasets_State-based_20battle-related_20deaths_20per_20100_2C000_State-based_20battle-related_20deaths_20per_20100_2C000_csv_error.txt'

[2025-10-12T11:16:41Z] [ERR] OWID fetch failed for https://raw.githubusercontent.com/owid/owid-datasets/master/datasets/Living%20Planet%20Index/Living%20Planet%20Index.csv: HTTP 404
[2025-10-12T11:16:41Z] [WARN] Keeping old data for living_planet_index (OWID fetch failed https://raw.githubusercontent.com/owid/owid-datasets/master/datasets/Living%20Planet%20Index/Living%20Planet%20Index.csv)
[2025-10-12T11:16:41Z] [INFO] fetch_status.json written with 56 KPIs and 45 pending countries
=== RealityCheck Fetch Report ===
Countries loaded:   203
KPIs processed:     56
Saved records:      386095

WorldBank KPIs:     35
CSV KPIs:           2
OWID KPIs:          14
UNHCR KPIs:         0

Mapping OK:         401776
Mapping dropped:    102767
Mapping pending:    2960

Dummies created:    0
Errors:             3
=================================
✅ Fetch completed successfully

[2025-10-12T11:27:08Z] === Fetch started ===
[2025-10-12T11:27:09Z] [OK] WorldBank KPI saved: area (12162 rows)
[2025-10-12T11:27:09Z] [OK] WorldBank KPI saved: population (12710 rows)
[2025-10-12T11:27:11Z] [OK] WorldBank KPI saved: population_growth (12512 rows)
[2025-10-12T11:27:11Z] [OK] OWID KPI saved: median_age (14874 rows)
[2025-10-12T11:27:12Z] [OK] WorldBank KPI saved: fertility_rate (12512 rows)
[2025-10-12T11:27:13Z] [OK] WorldBank KPI saved: urbanization_rate (12675 rows)
[2025-10-12T11:27:14Z] [OK] OWID KPI saved: democracy_index (2822 rows)
[2025-10-12T11:27:14Z] [OK] OWID KPI saved: press_freedom_index (1592 rows)
[2025-10-12T11:27:14Z] [OK] CSV KPI saved: world_happiness_index (1154 rows)
[2025-10-12T11:27:15Z] [OK] WorldBank KPI saved: gdp (10827 rows)
[2025-10-12T11:27:15Z] [OK] WorldBank KPI saved: gdp_per_capita_current_us (10827 rows)
[2025-10-12T11:27:16Z] [OK] WorldBank KPI saved: gni_per_capita_current_us (9969 rows)
[2025-10-12T11:27:16Z] [OK] WorldBank KPI saved: gini_index (2399 rows)
[2025-10-12T11:27:17Z] [OK] WorldBank KPI saved: public_debt_of_gdp (1595 rows)
[2025-10-12T11:27:18Z] [OK] WorldBank KPI saved: tax_revenue_of_gdp (4521 rows)
[2025-10-12T11:27:18Z] [OK] WorldBank KPI saved: unemployment_rate (6077 rows)
[2025-10-12T11:27:18Z] [OK] CSV KPI saved: big_mac_index (1873 rows)
[2025-10-12T11:27:19Z] [OK] OWID KPI saved: human_development_index_hdi (5906 rows)
[2025-10-12T11:27:19Z] [OK] WorldBank KPI saved: health_expenditure_per_capita (4357 rows)
[2025-10-12T11:27:20Z] [OK] WorldBank KPI saved: physicians_per_1_000_people (5088 rows)
[2025-10-12T11:27:21Z] [OK] WorldBank KPI saved: hospital_beds_per_1_000_people (4718 rows)
[2025-10-12T11:27:21Z] [OK] WorldBank KPI saved: infant_mortality_rate (11445 rows)
[2025-10-12T11:27:22Z] [OK] WorldBank KPI saved: maternal_mortality_ratio (7527 rows)
[2025-10-12T11:27:22Z] [OK] WorldBank KPI saved: life_expectancy_at_birth (12510 rows)
[2025-10-12T11:27:23Z] [OK] WorldBank KPI saved: adult_literacy_rate (1134 rows)
[2025-10-12T11:27:23Z] [OK] OWID KPI saved: homelessness_rate (16 rows)
[2025-10-12T11:27:24Z] [OK] OWID KPI saved: old_age_dependency_ratio (14874 rows)
[2025-10-12T11:27:24Z] [OK] OWID KPI saved: age_dependency_ratio_total (14874 rows)
[2025-10-12T11:27:25Z] [OK] WorldBank KPI saved: measles_vaccination_mcv1 (7931 rows)
[2025-10-12T11:27:26Z] [OK] WorldBank KPI saved: extreme_poverty (2442 rows)
[2025-10-12T11:27:26Z] [OK] WorldBank KPI saved: access_to_basic_drinking_water (4361 rows)
[2025-10-12T11:27:27Z] [OK] OWID KPI saved: co2_emissions (21986 rows)
[2025-10-12T11:27:27Z] [OK] WorldBank KPI saved: air_quality_pm2_5_exposure (5983 rows)
[2025-10-12T11:27:28Z] [OK] WorldBank KPI saved: renewable_energy_share (6157 rows)
[2025-10-12T11:27:28Z] [OK] WorldBank KPI saved: internet_penetration_rate (5754 rows)
[2025-10-12T11:27:29Z] [OK] WorldBank KPI saved: mobile_subscriptions_per_100_inhabitants (9734 rows)
[2025-10-12T11:27:30Z] [OK] WorldBank KPI saved: railway_length (2109 rows)
[2025-10-12T11:27:30Z] [OK] WorldBank KPI saved: inflation_consumer_price_index (5054 rows)
[2025-10-12T11:27:31Z] [OK] WorldBank KPI saved: employment_to_population_ratio (6077 rows)
[2025-10-12T11:27:31Z] [OK] WorldBank KPI saved: female_labor_force_participation (6256 rows)
[2025-10-12T11:27:32Z] [OK] OWID KPI saved: political_corruption_index (25610 rows)
[2025-10-12T11:27:32Z] [OK] OWID KPI saved: life_expectancy (16869 rows)
[2025-10-12T11:27:33Z] [OK] OWID KPI saved: military_spending_sipri (8264 rows)
[2025-10-12T11:27:33Z] [OK] OWID KPI saved: number_of_armed_conflicts (7272 rows)
[2025-10-12T11:27:33Z] [OK] OWID KPI saved: global_conflict_deaths (601 rows)
[2025-10-12T11:27:34Z] [OK] WorldBank KPI saved: road_traffic_deaths_per_100k_people (3669 rows)
[2025-10-12T11:27:35Z] [OK] WorldBank KPI saved: individuals_using_the_internet (5754 rows)
[2025-10-12T11:27:35Z] [OK] WorldBank KPI saved: fixed_broadband_subscriptions_per_100_people (3929 rows)
[2025-10-12T11:27:35Z] [ERR] OWID fetch failed for https://raw.githubusercontent.com/owid/owid-datasets/master/datasets/Electric%20vehicles%20stock/Electric%20vehicles%20stock.csv: HTTP 404
[2025-10-12T11:27:35Z] [WARN] Keeping old data for electric_vehicle_stock (OWID fetch failed https://raw.githubusercontent.com/owid/owid-datasets/master/datasets/Electric%20vehicles%20stock/Electric%20vehicles%20stock.csv)
[2025-10-12T11:27:36Z] [OK] WorldBank KPI saved: education_expenditure_of_gdp (4942 rows)
[2025-10-12T11:27:37Z] [OK] OWID KPI saved: mean_years_of_schooling (4019 rows)
[2025-10-12T11:27:37Z] [OK] WorldBank KPI saved: military_expenditure_of_gdp (7772 rows)
[2025-10-12T11:27:38Z] [ERR] OWID fetch failed for https://raw.githubusercontent.com/owid/owid-datasets/master/datasets/Statutory%20retirement%20age%20by%20sex%20(OECD)/Statutory%20retirement%20age%20by%20sex%20(OECD).csv: HTTP 404
[2025-10-12T11:27:38Z] [WARN] Keeping old data for statutory_retirement_age_male (OWID fetch failed https://raw.githubusercontent.com/owid/owid-datasets/master/datasets/Statutory%20retirement%20age%20by%20sex%20(OECD)/Statutory%20retirement%20age%20by%20sex%20(OECD).csv)
[2025-10-12T11:27:38Z] [ERR] Statutory Retirement Age (Male) failed: [Errno 2] No such file or directory: 'C:\\Users\\carst\\OneDrive\\Dokumente\\realitycheck_Webseite\\test\\data\\pending\\statutory_retirement_age_male_https___raw_githubusercontent_com_owid_owid-datasets_master_datasets_Statutory_20retirement_20age_20by_20sex_20_OECD__Statutory_20retirement_20age_20by_20sex_20_OECD__csv_error.txt'
Traceback (most recent call last):
  File "C:\Users\carst\OneDrive\Dokumente\realitycheck_Webseite\test\scripts\fetch_data.py", line 230, in process_owid
    raise Exception(f"HTTP {resp.status_code}")
Exception: HTTP 404

During handling of the above exception, another exception occurred:

Traceback (most recent call last):
  File "C:\Users\carst\OneDrive\Dokumente\realitycheck_Webseite\test\scripts\fetch_data.py", line 486, in main
    process_owid(kpi_id, meta, countries, c_index, a_index, pending, stats)
    ~~~~~~~~~~~~^^^^^^^^^^^^^^^^^^^^^^^^^^^^^^^^^^^^^^^^^^^^^^^^^^^^^^^^^^^
  File "C:\Users\carst\OneDrive\Dokumente\realitycheck_Webseite\test\scripts\fetch_data.py", line 237, in process_owid
    open(os.path.join(PENDING_DIR, f"{kpi_id}_{safe_code}_error.txt"), "w", encoding="utf-8").write(str(e))
    ~~~~^^^^^^^^^^^^^^^^^^^^^^^^^^^^^^^^^^^^^^^^^^^^^^^^^^^^^^^^^^^^^^^^^^^^^^^^^^^^^^^^^^^^^
FileNotFoundError: [Errno 2] No such file or directory: 'C:\\Users\\carst\\OneDrive\\Dokumente\\realitycheck_Webseite\\test\\data\\pending\\statutory_retirement_age_male_https___raw_githubusercontent_com_owid_owid-datasets_master_datasets_Statutory_20retirement_20age_20by_20sex_20_OECD__Statutory_20retirement_20age_20by_20sex_20_OECD__csv_error.txt'

[2025-10-12T11:27:38Z] [ERR] OWID fetch failed for https://raw.githubusercontent.com/owid/owid-datasets/master/datasets/Refugees%20by%20country%20of%20asylum/Refugees%20by%20country%20of%20asylum.csv: HTTP 404
[2025-10-12T11:27:38Z] [WARN] Keeping old data for refugees_by_destination (OWID fetch failed https://raw.githubusercontent.com/owid/owid-datasets/master/datasets/Refugees%20by%20country%20of%20asylum/Refugees%20by%20country%20of%20asylum.csv)
[2025-10-12T11:27:38Z] [ERR] OWID fetch failed for https://raw.githubusercontent.com/owid/owid-datasets/master/datasets/Battle-related%20deaths%20in%20state-based%20conflicts%20(per%20100%2C000)/Battle-related%20deaths%20in%20state-based%20conflicts%20(per%20100%2C000).csv: HTTP 404
[2025-10-12T11:27:38Z] [WARN] Keeping old data for death_rate_in_state_based_conflicts (OWID fetch failed https://raw.githubusercontent.com/owid/owid-datasets/master/datasets/Battle-related%20deaths%20in%20state-based%20conflicts%20(per%20100%2C000)/Battle-related%20deaths%20in%20state-based%20conflicts%20(per%20100%2C000).csv)
[2025-10-12T11:27:38Z] [ERR] Death Rate in State-Based Conflicts failed: [Errno 2] No such file or directory: 'C:\\Users\\carst\\OneDrive\\Dokumente\\realitycheck_Webseite\\test\\data\\pending\\death_rate_in_state_based_conflicts_https___raw_githubusercontent_com_owid_owid-datasets_master_datasets_Battle-related_20deaths_20in_20state-based_20conflicts_20_per_20100_2C000__Battle-related_20deaths_20in_20state-based_20conflicts_20_per_20100_2C000__csv_error.txt'
Traceback (most recent call last):
  File "C:\Users\carst\OneDrive\Dokumente\realitycheck_Webseite\test\scripts\fetch_data.py", line 230, in process_owid
    raise Exception(f"HTTP {resp.status_code}")
Exception: HTTP 404

During handling of the above exception, another exception occurred:

Traceback (most recent call last):
  File "C:\Users\carst\OneDrive\Dokumente\realitycheck_Webseite\test\scripts\fetch_data.py", line 486, in main
    process_owid(kpi_id, meta, countries, c_index, a_index, pending, stats)
    ~~~~~~~~~~~~^^^^^^^^^^^^^^^^^^^^^^^^^^^^^^^^^^^^^^^^^^^^^^^^^^^^^^^^^^^
  File "C:\Users\carst\OneDrive\Dokumente\realitycheck_Webseite\test\scripts\fetch_data.py", line 237, in process_owid
    open(os.path.join(PENDING_DIR, f"{kpi_id}_{safe_code}_error.txt"), "w", encoding="utf-8").write(str(e))
    ~~~~^^^^^^^^^^^^^^^^^^^^^^^^^^^^^^^^^^^^^^^^^^^^^^^^^^^^^^^^^^^^^^^^^^^^^^^^^^^^^^^^^^^^^
FileNotFoundError: [Errno 2] No such file or directory: 'C:\\Users\\carst\\OneDrive\\Dokumente\\realitycheck_Webseite\\test\\data\\pending\\death_rate_in_state_based_conflicts_https___raw_githubusercontent_com_owid_owid-datasets_master_datasets_Battle-related_20deaths_20in_20state-based_20conflicts_20_per_20100_2C000__Battle-related_20deaths_20in_20state-based_20conflicts_20_per_20100_2C000__csv_error.txt'

[2025-10-12T11:27:39Z] [ERR] OWID fetch failed for https://raw.githubusercontent.com/owid/owid-datasets/master/datasets/Living%20Planet%20Index%20(WWF%20and%20ZSL)/Living%20Planet%20Index%20(WWF%20and%20ZSL).csv: HTTP 404
[2025-10-12T11:27:39Z] [WARN] Keeping old data for living_planet_index (OWID fetch failed https://raw.githubusercontent.com/owid/owid-datasets/master/datasets/Living%20Planet%20Index%20(WWF%20and%20ZSL)/Living%20Planet%20Index%20(WWF%20and%20ZSL).csv)
[2025-10-12T11:27:39Z] [ERR] Living Planet Index failed: [Errno 2] No such file or directory: 'C:\\Users\\carst\\OneDrive\\Dokumente\\realitycheck_Webseite\\test\\data\\pending\\living_planet_index_https___raw_githubusercontent_com_owid_owid-datasets_master_datasets_Living_20Planet_20Index_20_WWF_20and_20ZSL__Living_20Planet_20Index_20_WWF_20and_20ZSL__csv_error.txt'
Traceback (most recent call last):
  File "C:\Users\carst\OneDrive\Dokumente\realitycheck_Webseite\test\scripts\fetch_data.py", line 230, in process_owid
    raise Exception(f"HTTP {resp.status_code}")
Exception: HTTP 404

During handling of the above exception, another exception occurred:

Traceback (most recent call last):
  File "C:\Users\carst\OneDrive\Dokumente\realitycheck_Webseite\test\scripts\fetch_data.py", line 486, in main
    process_owid(kpi_id, meta, countries, c_index, a_index, pending, stats)
    ~~~~~~~~~~~~^^^^^^^^^^^^^^^^^^^^^^^^^^^^^^^^^^^^^^^^^^^^^^^^^^^^^^^^^^^
  File "C:\Users\carst\OneDrive\Dokumente\realitycheck_Webseite\test\scripts\fetch_data.py", line 237, in process_owid
    open(os.path.join(PENDING_DIR, f"{kpi_id}_{safe_code}_error.txt"), "w", encoding="utf-8").write(str(e))
    ~~~~^^^^^^^^^^^^^^^^^^^^^^^^^^^^^^^^^^^^^^^^^^^^^^^^^^^^^^^^^^^^^^^^^^^^^^^^^^^^^^^^^^^^^
FileNotFoundError: [Errno 2] No such file or directory: 'C:\\Users\\carst\\OneDrive\\Dokumente\\realitycheck_Webseite\\test\\data\\pending\\living_planet_index_https___raw_githubusercontent_com_owid_owid-datasets_master_datasets_Living_20Planet_20Index_20_WWF_20and_20ZSL__Living_20Planet_20Index_20_WWF_20and_20ZSL__csv_error.txt'

[2025-10-12T11:27:39Z] [INFO] fetch_status.json written with 56 KPIs and 45 pending countries
=== RealityCheck Fetch Report ===
Countries loaded:   203
KPIs processed:     56
Saved records:      386095

WorldBank KPIs:     35
CSV KPIs:           2
OWID KPIs:          14
UNHCR KPIs:         0

Mapping OK:         401776
Mapping dropped:    102767
Mapping pending:    2960

Dummies created:    0
Errors:             3
=================================
✅ Fetch completed successfully

[2025-10-12T11:33:50Z] === Fetch started ===
[2025-10-12T11:33:51Z] [OK] WorldBank KPI saved: area (12162 rows)
[2025-10-12T11:33:51Z] [OK] WorldBank KPI saved: population (12710 rows)
[2025-10-12T11:33:52Z] [OK] WorldBank KPI saved: population_growth (12512 rows)
[2025-10-12T11:33:53Z] [OK] OWID KPI saved: median_age (14874 rows)
[2025-10-12T11:33:53Z] [OK] WorldBank KPI saved: fertility_rate (12512 rows)
[2025-10-12T11:33:54Z] [OK] WorldBank KPI saved: urbanization_rate (12675 rows)
[2025-10-12T11:33:54Z] [OK] OWID KPI saved: democracy_index (2822 rows)
[2025-10-12T11:33:55Z] [OK] OWID KPI saved: press_freedom_index (1592 rows)
[2025-10-12T11:33:55Z] [OK] CSV KPI saved: world_happiness_index (1154 rows)
[2025-10-12T11:33:55Z] [OK] WorldBank KPI saved: gdp (10827 rows)
[2025-10-12T11:33:56Z] [OK] WorldBank KPI saved: gdp_per_capita_current_us (10827 rows)
[2025-10-12T11:33:57Z] [OK] WorldBank KPI saved: gni_per_capita_current_us (9969 rows)
[2025-10-12T11:33:57Z] [OK] WorldBank KPI saved: gini_index (2399 rows)
[2025-10-12T11:33:58Z] [OK] WorldBank KPI saved: public_debt_of_gdp (1595 rows)
[2025-10-12T11:33:58Z] [OK] WorldBank KPI saved: tax_revenue_of_gdp (4521 rows)
[2025-10-12T11:33:59Z] [OK] WorldBank KPI saved: unemployment_rate (6077 rows)
[2025-10-12T11:33:59Z] [OK] CSV KPI saved: big_mac_index (1873 rows)
[2025-10-12T11:33:59Z] [OK] OWID KPI saved: human_development_index_hdi (5906 rows)
[2025-10-12T11:34:00Z] [OK] WorldBank KPI saved: health_expenditure_per_capita (4357 rows)
[2025-10-12T11:34:00Z] [OK] WorldBank KPI saved: physicians_per_1_000_people (5088 rows)
[2025-10-12T11:34:01Z] [OK] WorldBank KPI saved: hospital_beds_per_1_000_people (4718 rows)
[2025-10-12T11:34:01Z] [OK] WorldBank KPI saved: infant_mortality_rate (11445 rows)
[2025-10-12T11:34:02Z] [OK] WorldBank KPI saved: maternal_mortality_ratio (7527 rows)
[2025-10-12T11:34:03Z] [OK] WorldBank KPI saved: life_expectancy_at_birth (12510 rows)
[2025-10-12T11:34:03Z] [OK] WorldBank KPI saved: adult_literacy_rate (1134 rows)
[2025-10-12T11:34:03Z] [OK] OWID KPI saved: homelessness_rate (16 rows)
[2025-10-12T11:34:04Z] [OK] OWID KPI saved: old_age_dependency_ratio (14874 rows)
[2025-10-12T11:34:04Z] [OK] OWID KPI saved: age_dependency_ratio_total (14874 rows)
[2025-10-12T11:34:05Z] [OK] WorldBank KPI saved: measles_vaccination_mcv1 (7931 rows)
[2025-10-12T11:34:06Z] [OK] WorldBank KPI saved: extreme_poverty (2442 rows)
[2025-10-12T11:34:06Z] [OK] WorldBank KPI saved: access_to_basic_drinking_water (4361 rows)
[2025-10-12T11:34:07Z] [OK] OWID KPI saved: co2_emissions (21986 rows)
[2025-10-12T11:34:08Z] [OK] WorldBank KPI saved: air_quality_pm2_5_exposure (5983 rows)
[2025-10-12T11:34:08Z] [OK] WorldBank KPI saved: renewable_energy_share (6157 rows)
[2025-10-12T11:34:09Z] [OK] WorldBank KPI saved: internet_penetration_rate (5754 rows)
[2025-10-12T11:34:09Z] [OK] WorldBank KPI saved: mobile_subscriptions_per_100_inhabitants (9734 rows)
[2025-10-12T11:34:10Z] [OK] WorldBank KPI saved: railway_length (2109 rows)
[2025-10-12T11:34:11Z] [OK] WorldBank KPI saved: inflation_consumer_price_index (5054 rows)
[2025-10-12T11:34:11Z] [OK] WorldBank KPI saved: employment_to_population_ratio (6077 rows)
[2025-10-12T11:34:12Z] [OK] WorldBank KPI saved: female_labor_force_participation (6256 rows)
[2025-10-12T11:34:13Z] [OK] OWID KPI saved: political_corruption_index (25610 rows)
[2025-10-12T11:34:13Z] [OK] OWID KPI saved: life_expectancy (16869 rows)
[2025-10-12T11:34:14Z] [OK] OWID KPI saved: military_spending_sipri (8264 rows)
[2025-10-12T11:34:14Z] [OK] OWID KPI saved: number_of_armed_conflicts (7272 rows)
[2025-10-12T11:34:14Z] [OK] OWID KPI saved: global_conflict_deaths (601 rows)
[2025-10-12T11:34:15Z] [OK] WorldBank KPI saved: road_traffic_deaths_per_100k_people (3669 rows)
[2025-10-12T11:34:15Z] [OK] WorldBank KPI saved: individuals_using_the_internet (5754 rows)
[2025-10-12T11:34:16Z] [OK] WorldBank KPI saved: fixed_broadband_subscriptions_per_100_people (3929 rows)
[2025-10-12T11:34:16Z] [ERR] OWID fetch failed for https://raw.githubusercontent.com/owid/owid-datasets/master/datasets/Electric%20vehicles%20stock/Electric%20vehicles%20stock.csv: HTTP 404
[2025-10-12T11:34:16Z] [WARN] Keeping old data for electric_vehicle_stock (OWID fetch failed https://raw.githubusercontent.com/owid/owid-datasets/master/datasets/Electric%20vehicles%20stock/Electric%20vehicles%20stock.csv)
[2025-10-12T11:34:16Z] [ERR] Electric Vehicle Stock failed: name 'safe_filename' is not defined
Traceback (most recent call last):
  File "C:\Users\carst\OneDrive\Dokumente\realitycheck_Webseite\test\scripts\fetch_data.py", line 230, in process_owid
    raise Exception(f"HTTP {resp.status_code}")
Exception: HTTP 404

During handling of the above exception, another exception occurred:

Traceback (most recent call last):
  File "C:\Users\carst\OneDrive\Dokumente\realitycheck_Webseite\test\scripts\fetch_data.py", line 492, in main
    process_owid(kpi_id, meta, countries, c_index, a_index, pending, stats)
    ~~~~~~~~~~~~^^^^^^^^^^^^^^^^^^^^^^^^^^^^^^^^^^^^^^^^^^^^^^^^^^^^^^^^^^^
  File "C:\Users\carst\OneDrive\Dokumente\realitycheck_Webseite\test\scripts\fetch_data.py", line 237, in process_owid
    filename = f"{kpi_id}_{safe_filename(source_code)}_error.txt"
                           ^^^^^^^^^^^^^
NameError: name 'safe_filename' is not defined

[2025-10-12T11:34:17Z] [OK] WorldBank KPI saved: education_expenditure_of_gdp (4942 rows)
[2025-10-12T11:34:18Z] [OK] OWID KPI saved: mean_years_of_schooling (4019 rows)
[2025-10-12T11:34:19Z] [OK] WorldBank KPI saved: military_expenditure_of_gdp (7772 rows)
[2025-10-12T11:34:19Z] [ERR] OWID fetch failed for https://raw.githubusercontent.com/owid/owid-datasets/master/datasets/Statutory%20retirement%20age%20by%20sex%20-%20OECD/Statutory%20retirement%20age%20by%20sex%20-%20OECD.csv: HTTP 404
[2025-10-12T11:34:19Z] [WARN] Keeping old data for statutory_retirement_age_male (OWID fetch failed https://raw.githubusercontent.com/owid/owid-datasets/master/datasets/Statutory%20retirement%20age%20by%20sex%20-%20OECD/Statutory%20retirement%20age%20by%20sex%20-%20OECD.csv)
[2025-10-12T11:34:19Z] [ERR] Statutory Retirement Age (Male) failed: name 'safe_filename' is not defined
Traceback (most recent call last):
  File "C:\Users\carst\OneDrive\Dokumente\realitycheck_Webseite\test\scripts\fetch_data.py", line 230, in process_owid
    raise Exception(f"HTTP {resp.status_code}")
Exception: HTTP 404

During handling of the above exception, another exception occurred:

Traceback (most recent call last):
  File "C:\Users\carst\OneDrive\Dokumente\realitycheck_Webseite\test\scripts\fetch_data.py", line 492, in main
    process_owid(kpi_id, meta, countries, c_index, a_index, pending, stats)
    ~~~~~~~~~~~~^^^^^^^^^^^^^^^^^^^^^^^^^^^^^^^^^^^^^^^^^^^^^^^^^^^^^^^^^^^
  File "C:\Users\carst\OneDrive\Dokumente\realitycheck_Webseite\test\scripts\fetch_data.py", line 237, in process_owid
    filename = f"{kpi_id}_{safe_filename(source_code)}_error.txt"
                           ^^^^^^^^^^^^^
NameError: name 'safe_filename' is not defined

[2025-10-12T11:34:20Z] [ERR] OWID fetch failed for https://raw.githubusercontent.com/owid/owid-datasets/master/datasets/Refugees%20by%20country%20of%20asylum%20-%20UNHCR/Refugees%20by%20country%20of%20asylum%20-%20UNHCR.csv: HTTP 404
[2025-10-12T11:34:20Z] [WARN] Keeping old data for refugees_by_destination (OWID fetch failed https://raw.githubusercontent.com/owid/owid-datasets/master/datasets/Refugees%20by%20country%20of%20asylum%20-%20UNHCR/Refugees%20by%20country%20of%20asylum%20-%20UNHCR.csv)
[2025-10-12T11:34:20Z] [ERR] Refugees by Destination failed: name 'safe_filename' is not defined
Traceback (most recent call last):
  File "C:\Users\carst\OneDrive\Dokumente\realitycheck_Webseite\test\scripts\fetch_data.py", line 230, in process_owid
    raise Exception(f"HTTP {resp.status_code}")
Exception: HTTP 404

During handling of the above exception, another exception occurred:

Traceback (most recent call last):
  File "C:\Users\carst\OneDrive\Dokumente\realitycheck_Webseite\test\scripts\fetch_data.py", line 492, in main
    process_owid(kpi_id, meta, countries, c_index, a_index, pending, stats)
    ~~~~~~~~~~~~^^^^^^^^^^^^^^^^^^^^^^^^^^^^^^^^^^^^^^^^^^^^^^^^^^^^^^^^^^^
  File "C:\Users\carst\OneDrive\Dokumente\realitycheck_Webseite\test\scripts\fetch_data.py", line 237, in process_owid
    filename = f"{kpi_id}_{safe_filename(source_code)}_error.txt"
                           ^^^^^^^^^^^^^
NameError: name 'safe_filename' is not defined

[2025-10-12T11:34:20Z] [ERR] OWID fetch failed for https://raw.githubusercontent.com/owid/owid-datasets/master/datasets/Battle-related%20deaths%20in%20state-based%20conflicts%20(per%20100%2C000%20people)%20-%20UCDP/Battle-related%20deaths%20in%20state-based%20conflicts%20(per%20100%2C000%20people)%20-%20UCDP.csv: HTTP 404
[2025-10-12T11:34:20Z] [WARN] Keeping old data for death_rate_in_state_based_conflicts (OWID fetch failed https://raw.githubusercontent.com/owid/owid-datasets/master/datasets/Battle-related%20deaths%20in%20state-based%20conflicts%20(per%20100%2C000%20people)%20-%20UCDP/Battle-related%20deaths%20in%20state-based%20conflicts%20(per%20100%2C000%20people)%20-%20UCDP.csv)
[2025-10-12T11:34:20Z] [ERR] Death Rate in State-Based Conflicts failed: name 'safe_filename' is not defined
Traceback (most recent call last):
  File "C:\Users\carst\OneDrive\Dokumente\realitycheck_Webseite\test\scripts\fetch_data.py", line 230, in process_owid
    raise Exception(f"HTTP {resp.status_code}")
Exception: HTTP 404

During handling of the above exception, another exception occurred:

Traceback (most recent call last):
  File "C:\Users\carst\OneDrive\Dokumente\realitycheck_Webseite\test\scripts\fetch_data.py", line 492, in main
    process_owid(kpi_id, meta, countries, c_index, a_index, pending, stats)
    ~~~~~~~~~~~~^^^^^^^^^^^^^^^^^^^^^^^^^^^^^^^^^^^^^^^^^^^^^^^^^^^^^^^^^^^
  File "C:\Users\carst\OneDrive\Dokumente\realitycheck_Webseite\test\scripts\fetch_data.py", line 237, in process_owid
    filename = f"{kpi_id}_{safe_filename(source_code)}_error.txt"
                           ^^^^^^^^^^^^^
NameError: name 'safe_filename' is not defined

[2025-10-12T11:34:21Z] [ERR] OWID fetch failed for https://raw.githubusercontent.com/owid/owid-datasets/master/datasets/Living%20Planet%20Index%20-%20WWF%20and%20ZSL/Living%20Planet%20Index%20-%20WWF%20and%20ZSL.csv: HTTP 404
[2025-10-12T11:34:21Z] [WARN] Keeping old data for living_planet_index (OWID fetch failed https://raw.githubusercontent.com/owid/owid-datasets/master/datasets/Living%20Planet%20Index%20-%20WWF%20and%20ZSL/Living%20Planet%20Index%20-%20WWF%20and%20ZSL.csv)
[2025-10-12T11:34:21Z] [ERR] Living Planet Index failed: name 'safe_filename' is not defined
Traceback (most recent call last):
  File "C:\Users\carst\OneDrive\Dokumente\realitycheck_Webseite\test\scripts\fetch_data.py", line 230, in process_owid
    raise Exception(f"HTTP {resp.status_code}")
Exception: HTTP 404

During handling of the above exception, another exception occurred:

Traceback (most recent call last):
  File "C:\Users\carst\OneDrive\Dokumente\realitycheck_Webseite\test\scripts\fetch_data.py", line 492, in main
    process_owid(kpi_id, meta, countries, c_index, a_index, pending, stats)
    ~~~~~~~~~~~~^^^^^^^^^^^^^^^^^^^^^^^^^^^^^^^^^^^^^^^^^^^^^^^^^^^^^^^^^^^
  File "C:\Users\carst\OneDrive\Dokumente\realitycheck_Webseite\test\scripts\fetch_data.py", line 237, in process_owid
    filename = f"{kpi_id}_{safe_filename(source_code)}_error.txt"
                           ^^^^^^^^^^^^^
NameError: name 'safe_filename' is not defined

[2025-10-12T11:34:21Z] [INFO] fetch_status.json written with 56 KPIs and 45 pending countries
=== RealityCheck Fetch Report ===
Countries loaded:   203
KPIs processed:     56
Saved records:      386095

WorldBank KPIs:     35
CSV KPIs:           2
OWID KPIs:          14
UNHCR KPIs:         0

Mapping OK:         401776
Mapping dropped:    102767
Mapping pending:    2960

Dummies created:    0
Errors:             5
=================================
✅ Fetch completed successfully

[2025-10-12T11:37:03Z] === Fetch started ===
[2025-10-12T11:37:04Z] [OK] WorldBank KPI saved: area (12162 rows)
[2025-10-12T11:37:04Z] [OK] WorldBank KPI saved: population (12710 rows)
[2025-10-12T11:37:05Z] [OK] WorldBank KPI saved: population_growth (12512 rows)
[2025-10-12T11:37:06Z] [ERR] Median Age failed: name 'safe_float' is not defined
Traceback (most recent call last):
  File "C:\Users\carst\OneDrive\Dokumente\realitycheck_Webseite\test\scripts\fetch_data.py", line 488, in main
    process_owid(kpi_id, meta, countries, c_index, a_index, pending, stats)
    ~~~~~~~~~~~~^^^^^^^^^^^^^^^^^^^^^^^^^^^^^^^^^^^^^^^^^^^^^^^^^^^^^^^^^^^
  File "C:\Users\carst\OneDrive\Dokumente\realitycheck_Webseite\test\scripts\fetch_data.py", line 268, in process_owid
    val = safe_float(row.get(var))
          ^^^^^^^^^^
NameError: name 'safe_float' is not defined

[2025-10-12T11:37:06Z] [OK] WorldBank KPI saved: fertility_rate (12512 rows)
[2025-10-12T11:37:07Z] [OK] WorldBank KPI saved: urbanization_rate (12675 rows)
[2025-10-12T11:37:07Z] [ERR] Democracy Index failed: name 'safe_float' is not defined
Traceback (most recent call last):
  File "C:\Users\carst\OneDrive\Dokumente\realitycheck_Webseite\test\scripts\fetch_data.py", line 488, in main
    process_owid(kpi_id, meta, countries, c_index, a_index, pending, stats)
    ~~~~~~~~~~~~^^^^^^^^^^^^^^^^^^^^^^^^^^^^^^^^^^^^^^^^^^^^^^^^^^^^^^^^^^^
  File "C:\Users\carst\OneDrive\Dokumente\realitycheck_Webseite\test\scripts\fetch_data.py", line 268, in process_owid
    val = safe_float(row.get(var))
          ^^^^^^^^^^
NameError: name 'safe_float' is not defined

[2025-10-12T11:37:07Z] [ERR] Press Freedom Index failed: name 'safe_float' is not defined
Traceback (most recent call last):
  File "C:\Users\carst\OneDrive\Dokumente\realitycheck_Webseite\test\scripts\fetch_data.py", line 488, in main
    process_owid(kpi_id, meta, countries, c_index, a_index, pending, stats)
    ~~~~~~~~~~~~^^^^^^^^^^^^^^^^^^^^^^^^^^^^^^^^^^^^^^^^^^^^^^^^^^^^^^^^^^^
  File "C:\Users\carst\OneDrive\Dokumente\realitycheck_Webseite\test\scripts\fetch_data.py", line 268, in process_owid
    val = safe_float(row.get(var))
          ^^^^^^^^^^
NameError: name 'safe_float' is not defined

[2025-10-12T11:37:07Z] [ERR] World Happiness Index failed: name 'safe_float' is not defined
Traceback (most recent call last):
  File "C:\Users\carst\OneDrive\Dokumente\realitycheck_Webseite\test\scripts\fetch_data.py", line 486, in main
    process_csv(kpi_id, meta, countries, c_index, a_index, pending, stats)
    ~~~~~~~~~~~^^^^^^^^^^^^^^^^^^^^^^^^^^^^^^^^^^^^^^^^^^^^^^^^^^^^^^^^^^^
  File "C:\Users\carst\OneDrive\Dokumente\realitycheck_Webseite\test\scripts\fetch_data.py", line 203, in process_csv
    val = safe_float(r.get("value"))
          ^^^^^^^^^^
NameError: name 'safe_float' is not defined

[2025-10-12T11:37:08Z] [OK] WorldBank KPI saved: gdp (10827 rows)
[2025-10-12T11:37:09Z] [OK] WorldBank KPI saved: gdp_per_capita_current_us (10827 rows)
[2025-10-12T11:37:09Z] [OK] WorldBank KPI saved: gni_per_capita_current_us (9969 rows)
[2025-10-12T11:37:10Z] [OK] WorldBank KPI saved: gini_index (2399 rows)
[2025-10-12T11:37:10Z] [OK] WorldBank KPI saved: public_debt_of_gdp (1595 rows)
[2025-10-12T11:37:11Z] [OK] WorldBank KPI saved: tax_revenue_of_gdp (4521 rows)
[2025-10-12T11:37:12Z] [OK] WorldBank KPI saved: unemployment_rate (6077 rows)
[2025-10-12T11:37:12Z] [ERR] Big Mac Index failed: name 'safe_float' is not defined
Traceback (most recent call last):
  File "C:\Users\carst\OneDrive\Dokumente\realitycheck_Webseite\test\scripts\fetch_data.py", line 486, in main
    process_csv(kpi_id, meta, countries, c_index, a_index, pending, stats)
    ~~~~~~~~~~~^^^^^^^^^^^^^^^^^^^^^^^^^^^^^^^^^^^^^^^^^^^^^^^^^^^^^^^^^^^
  File "C:\Users\carst\OneDrive\Dokumente\realitycheck_Webseite\test\scripts\fetch_data.py", line 203, in process_csv
    val = safe_float(r.get("value"))
          ^^^^^^^^^^
NameError: name 'safe_float' is not defined

[2025-10-12T11:37:12Z] [ERR] Human Development Index (HDI) failed: name 'safe_float' is not defined
Traceback (most recent call last):
  File "C:\Users\carst\OneDrive\Dokumente\realitycheck_Webseite\test\scripts\fetch_data.py", line 488, in main
    process_owid(kpi_id, meta, countries, c_index, a_index, pending, stats)
    ~~~~~~~~~~~~^^^^^^^^^^^^^^^^^^^^^^^^^^^^^^^^^^^^^^^^^^^^^^^^^^^^^^^^^^^
  File "C:\Users\carst\OneDrive\Dokumente\realitycheck_Webseite\test\scripts\fetch_data.py", line 268, in process_owid
    val = safe_float(row.get(var))
          ^^^^^^^^^^
NameError: name 'safe_float' is not defined

[2025-10-12T11:37:13Z] [OK] WorldBank KPI saved: health_expenditure_per_capita (4357 rows)
[2025-10-12T11:37:13Z] [OK] WorldBank KPI saved: physicians_per_1_000_people (5088 rows)
[2025-10-12T11:37:14Z] [OK] WorldBank KPI saved: hospital_beds_per_1_000_people (4718 rows)
[2025-10-12T11:37:14Z] [OK] WorldBank KPI saved: infant_mortality_rate (11445 rows)
[2025-10-12T11:37:15Z] [OK] WorldBank KPI saved: maternal_mortality_ratio (7527 rows)
[2025-10-12T11:37:16Z] [OK] WorldBank KPI saved: life_expectancy_at_birth (12510 rows)
[2025-10-12T11:37:17Z] [OK] WorldBank KPI saved: adult_literacy_rate (1134 rows)
[2025-10-12T11:37:17Z] [ERR] Homelessness Rate failed: name 'safe_float' is not defined
Traceback (most recent call last):
  File "C:\Users\carst\OneDrive\Dokumente\realitycheck_Webseite\test\scripts\fetch_data.py", line 488, in main
    process_owid(kpi_id, meta, countries, c_index, a_index, pending, stats)
    ~~~~~~~~~~~~^^^^^^^^^^^^^^^^^^^^^^^^^^^^^^^^^^^^^^^^^^^^^^^^^^^^^^^^^^^
  File "C:\Users\carst\OneDrive\Dokumente\realitycheck_Webseite\test\scripts\fetch_data.py", line 268, in process_owid
    val = safe_float(row.get(var))
          ^^^^^^^^^^
NameError: name 'safe_float' is not defined

[2025-10-12T11:37:17Z] [ERR] Old-Age Dependency Ratio failed: name 'safe_float' is not defined
Traceback (most recent call last):
  File "C:\Users\carst\OneDrive\Dokumente\realitycheck_Webseite\test\scripts\fetch_data.py", line 488, in main
    process_owid(kpi_id, meta, countries, c_index, a_index, pending, stats)
    ~~~~~~~~~~~~^^^^^^^^^^^^^^^^^^^^^^^^^^^^^^^^^^^^^^^^^^^^^^^^^^^^^^^^^^^
  File "C:\Users\carst\OneDrive\Dokumente\realitycheck_Webseite\test\scripts\fetch_data.py", line 268, in process_owid
    val = safe_float(row.get(var))
          ^^^^^^^^^^
NameError: name 'safe_float' is not defined

[2025-10-12T11:37:18Z] [ERR] Age Dependency Ratio (Total) failed: name 'safe_float' is not defined
Traceback (most recent call last):
  File "C:\Users\carst\OneDrive\Dokumente\realitycheck_Webseite\test\scripts\fetch_data.py", line 488, in main
    process_owid(kpi_id, meta, countries, c_index, a_index, pending, stats)
    ~~~~~~~~~~~~^^^^^^^^^^^^^^^^^^^^^^^^^^^^^^^^^^^^^^^^^^^^^^^^^^^^^^^^^^^
  File "C:\Users\carst\OneDrive\Dokumente\realitycheck_Webseite\test\scripts\fetch_data.py", line 268, in process_owid
    val = safe_float(row.get(var))
          ^^^^^^^^^^
NameError: name 'safe_float' is not defined

[2025-10-12T11:37:18Z] [OK] WorldBank KPI saved: measles_vaccination_mcv1 (7931 rows)
[2025-10-12T11:37:19Z] [OK] WorldBank KPI saved: extreme_poverty (2442 rows)
[2025-10-12T11:37:20Z] [OK] WorldBank KPI saved: access_to_basic_drinking_water (4361 rows)
[2025-10-12T11:37:20Z] [ERR] CO₂ Emissions failed: name 'safe_float' is not defined
Traceback (most recent call last):
  File "C:\Users\carst\OneDrive\Dokumente\realitycheck_Webseite\test\scripts\fetch_data.py", line 488, in main
    process_owid(kpi_id, meta, countries, c_index, a_index, pending, stats)
    ~~~~~~~~~~~~^^^^^^^^^^^^^^^^^^^^^^^^^^^^^^^^^^^^^^^^^^^^^^^^^^^^^^^^^^^
  File "C:\Users\carst\OneDrive\Dokumente\realitycheck_Webseite\test\scripts\fetch_data.py", line 268, in process_owid
    val = safe_float(row.get(var))
          ^^^^^^^^^^
NameError: name 'safe_float' is not defined

[2025-10-12T11:37:21Z] [OK] WorldBank KPI saved: air_quality_pm2_5_exposure (5983 rows)
[2025-10-12T11:37:21Z] [OK] WorldBank KPI saved: renewable_energy_share (6157 rows)
[2025-10-12T11:37:22Z] [OK] WorldBank KPI saved: internet_penetration_rate (5754 rows)
[2025-10-12T11:37:22Z] [OK] WorldBank KPI saved: mobile_subscriptions_per_100_inhabitants (9734 rows)
[2025-10-12T11:37:23Z] [OK] WorldBank KPI saved: railway_length (2109 rows)
[2025-10-12T11:37:23Z] [OK] WorldBank KPI saved: inflation_consumer_price_index (5054 rows)
[2025-10-12T11:37:24Z] [OK] WorldBank KPI saved: employment_to_population_ratio (6077 rows)
[2025-10-12T11:37:25Z] [OK] WorldBank KPI saved: female_labor_force_participation (6256 rows)
[2025-10-12T11:37:25Z] [ERR] Political Corruption Index failed: name 'safe_float' is not defined
Traceback (most recent call last):
  File "C:\Users\carst\OneDrive\Dokumente\realitycheck_Webseite\test\scripts\fetch_data.py", line 488, in main
    process_owid(kpi_id, meta, countries, c_index, a_index, pending, stats)
    ~~~~~~~~~~~~^^^^^^^^^^^^^^^^^^^^^^^^^^^^^^^^^^^^^^^^^^^^^^^^^^^^^^^^^^^
  File "C:\Users\carst\OneDrive\Dokumente\realitycheck_Webseite\test\scripts\fetch_data.py", line 268, in process_owid
    val = safe_float(row.get(var))
          ^^^^^^^^^^
NameError: name 'safe_float' is not defined

[2025-10-12T11:37:26Z] [ERR] Life Expectancy failed: name 'safe_float' is not defined
Traceback (most recent call last):
  File "C:\Users\carst\OneDrive\Dokumente\realitycheck_Webseite\test\scripts\fetch_data.py", line 488, in main
    process_owid(kpi_id, meta, countries, c_index, a_index, pending, stats)
    ~~~~~~~~~~~~^^^^^^^^^^^^^^^^^^^^^^^^^^^^^^^^^^^^^^^^^^^^^^^^^^^^^^^^^^^
  File "C:\Users\carst\OneDrive\Dokumente\realitycheck_Webseite\test\scripts\fetch_data.py", line 268, in process_owid
    val = safe_float(row.get(var))
          ^^^^^^^^^^
NameError: name 'safe_float' is not defined

[2025-10-12T11:37:26Z] [ERR] Military Spending (SIPRI) failed: name 'safe_float' is not defined
Traceback (most recent call last):
  File "C:\Users\carst\OneDrive\Dokumente\realitycheck_Webseite\test\scripts\fetch_data.py", line 488, in main
    process_owid(kpi_id, meta, countries, c_index, a_index, pending, stats)
    ~~~~~~~~~~~~^^^^^^^^^^^^^^^^^^^^^^^^^^^^^^^^^^^^^^^^^^^^^^^^^^^^^^^^^^^
  File "C:\Users\carst\OneDrive\Dokumente\realitycheck_Webseite\test\scripts\fetch_data.py", line 268, in process_owid
    val = safe_float(row.get(var))
          ^^^^^^^^^^
NameError: name 'safe_float' is not defined

[2025-10-12T11:37:26Z] [ERR] Number of Armed Conflicts failed: name 'safe_float' is not defined
Traceback (most recent call last):
  File "C:\Users\carst\OneDrive\Dokumente\realitycheck_Webseite\test\scripts\fetch_data.py", line 488, in main
    process_owid(kpi_id, meta, countries, c_index, a_index, pending, stats)
    ~~~~~~~~~~~~^^^^^^^^^^^^^^^^^^^^^^^^^^^^^^^^^^^^^^^^^^^^^^^^^^^^^^^^^^^
  File "C:\Users\carst\OneDrive\Dokumente\realitycheck_Webseite\test\scripts\fetch_data.py", line 268, in process_owid
    val = safe_float(row.get(var))
          ^^^^^^^^^^
NameError: name 'safe_float' is not defined

[2025-10-12T11:37:27Z] [ERR] Global Conflict Deaths failed: name 'safe_float' is not defined
Traceback (most recent call last):
  File "C:\Users\carst\OneDrive\Dokumente\realitycheck_Webseite\test\scripts\fetch_data.py", line 488, in main
    process_owid(kpi_id, meta, countries, c_index, a_index, pending, stats)
    ~~~~~~~~~~~~^^^^^^^^^^^^^^^^^^^^^^^^^^^^^^^^^^^^^^^^^^^^^^^^^^^^^^^^^^^
  File "C:\Users\carst\OneDrive\Dokumente\realitycheck_Webseite\test\scripts\fetch_data.py", line 268, in process_owid
    val = safe_float(row.get(var))
          ^^^^^^^^^^
NameError: name 'safe_float' is not defined

[2025-10-12T11:37:27Z] [OK] WorldBank KPI saved: road_traffic_deaths_per_100k_people (3669 rows)
[2025-10-12T11:37:28Z] [OK] WorldBank KPI saved: individuals_using_the_internet (5754 rows)
[2025-10-12T11:37:28Z] [OK] WorldBank KPI saved: fixed_broadband_subscriptions_per_100_people (3929 rows)
[2025-10-12T11:37:29Z] [ERR] OWID fetch failed for https://raw.githubusercontent.com/owid/owid-datasets/master/datasets/Electric%20vehicles%20stock/Electric%20vehicles%20stock.csv: HTTP 404
[2025-10-12T11:37:29Z] [WARN] Keeping old data for electric_vehicle_stock (OWID fetch failed https://raw.githubusercontent.com/owid/owid-datasets/master/datasets/Electric%20vehicles%20stock/Electric%20vehicles%20stock.csv)
[2025-10-12T11:37:29Z] [OK] WorldBank KPI saved: education_expenditure_of_gdp (4942 rows)
[2025-10-12T11:37:30Z] [ERR] Mean Years of Schooling failed: name 'safe_float' is not defined
Traceback (most recent call last):
  File "C:\Users\carst\OneDrive\Dokumente\realitycheck_Webseite\test\scripts\fetch_data.py", line 488, in main
    process_owid(kpi_id, meta, countries, c_index, a_index, pending, stats)
    ~~~~~~~~~~~~^^^^^^^^^^^^^^^^^^^^^^^^^^^^^^^^^^^^^^^^^^^^^^^^^^^^^^^^^^^
  File "C:\Users\carst\OneDrive\Dokumente\realitycheck_Webseite\test\scripts\fetch_data.py", line 268, in process_owid
    val = safe_float(row.get(var))
          ^^^^^^^^^^
NameError: name 'safe_float' is not defined

[2025-10-12T11:37:31Z] [OK] WorldBank KPI saved: military_expenditure_of_gdp (7772 rows)
[2025-10-12T11:37:31Z] [ERR] OWID fetch failed for https://raw.githubusercontent.com/owid/owid-datasets/master/datasets/Statutory%20retirement%20age%20by%20sex%20-%20OECD/Statutory%20retirement%20age%20by%20sex%20-%20OECD.csv: HTTP 404
[2025-10-12T11:37:31Z] [WARN] Keeping old data for statutory_retirement_age_male (OWID fetch failed https://raw.githubusercontent.com/owid/owid-datasets/master/datasets/Statutory%20retirement%20age%20by%20sex%20-%20OECD/Statutory%20retirement%20age%20by%20sex%20-%20OECD.csv)
[2025-10-12T11:37:31Z] [WARN] Could not write error file statutory_retirement_age_male_https___raw.githubusercontent.com_owid_owid-datasets_master_datasets_Statutory_20retirement_20age_20by_20sex_20-_20OECD_Statutory_20retirement_20age_2_error.txt: [Errno 2] No such file or directory: 'C:\\Users\\carst\\OneDrive\\Dokumente\\realitycheck_Webseite\\test\\data\\pending\\statutory_retirement_age_male_https___raw.githubusercontent.com_owid_owid-datasets_master_datasets_Statutory_20retirement_20age_20by_20sex_20-_20OECD_Statutory_20retirement_20age_2_error.txt'
[2025-10-12T11:37:31Z] [ERR] OWID fetch failed for https://raw.githubusercontent.com/owid/owid-datasets/master/datasets/Refugees%20by%20country%20of%20asylum%20-%20UNHCR/Refugees%20by%20country%20of%20asylum%20-%20UNHCR.csv: HTTP 404
[2025-10-12T11:37:31Z] [WARN] Keeping old data for refugees_by_destination (OWID fetch failed https://raw.githubusercontent.com/owid/owid-datasets/master/datasets/Refugees%20by%20country%20of%20asylum%20-%20UNHCR/Refugees%20by%20country%20of%20asylum%20-%20UNHCR.csv)
[2025-10-12T11:37:31Z] [WARN] Could not write error file refugees_by_destination_https___raw.githubusercontent.com_owid_owid-datasets_master_datasets_Refugees_20by_20country_20of_20asylum_20-_20UNHCR_Refugees_20by_20country_20of_20_error_error.txt: [Errno 2] No such file or directory: 'C:\\Users\\carst\\OneDrive\\Dokumente\\realitycheck_Webseite\\test\\data\\pending\\refugees_by_destination_https___raw.githubusercontent.com_owid_owid-datasets_master_datasets_Refugees_20by_20country_20of_20asylum_20-_20UNHCR_Refugees_20by_20country_20of_20_error_error.txt'
[2025-10-12T11:37:32Z] [ERR] OWID fetch failed for https://raw.githubusercontent.com/owid/owid-datasets/master/datasets/Battle-related%20deaths%20in%20state-based%20conflicts%20(per%20100%2C000%20people)%20-%20UCDP/Battle-related%20deaths%20in%20state-based%20conflicts%20(per%20100%2C000%20people)%20-%20UCDP.csv: HTTP 404
[2025-10-12T11:37:32Z] [WARN] Keeping old data for death_rate_in_state_based_conflicts (OWID fetch failed https://raw.githubusercontent.com/owid/owid-datasets/master/datasets/Battle-related%20deaths%20in%20state-based%20conflicts%20(per%20100%2C000%20people)%20-%20UCDP/Battle-related%20deaths%20in%20state-based%20conflicts%20(per%20100%2C000%20people)%20-%20UCDP.csv)
[2025-10-12T11:37:32Z] [WARN] Could not write error file death_rate_in_state_based_conflicts_https___raw.githubusercontent.com_owid_owid-datasets_master_datasets_Battle-related_20deaths_20in_20state-based_20conflicts_20_per_20100_2C000_2_error.txt: [Errno 2] No such file or directory: 'C:\\Users\\carst\\OneDrive\\Dokumente\\realitycheck_Webseite\\test\\data\\pending\\death_rate_in_state_based_conflicts_https___raw.githubusercontent.com_owid_owid-datasets_master_datasets_Battle-related_20deaths_20in_20state-based_20conflicts_20_per_20100_2C000_2_error.txt'
[2025-10-12T11:37:32Z] [ERR] OWID fetch failed for https://raw.githubusercontent.com/owid/owid-datasets/master/datasets/Living%20Planet%20Index%20-%20WWF%20and%20ZSL/Living%20Planet%20Index%20-%20WWF%20and%20ZSL.csv: HTTP 404
[2025-10-12T11:37:32Z] [WARN] Keeping old data for living_planet_index (OWID fetch failed https://raw.githubusercontent.com/owid/owid-datasets/master/datasets/Living%20Planet%20Index%20-%20WWF%20and%20ZSL/Living%20Planet%20Index%20-%20WWF%20and%20ZSL.csv)
[2025-10-12T11:37:32Z] [INFO] fetch_status.json written with 56 KPIs and 45 pending countries
=== RealityCheck Fetch Report ===
Countries loaded:   203
KPIs processed:     56
Saved records:      243489

WorldBank KPIs:     35
CSV KPIs:           0
OWID KPIs:          0
UNHCR KPIs:         0

Mapping OK:         243505
Mapping dropped:    70809
Mapping pending:    1232

Dummies created:    0
Errors:             16
=================================
✅ Fetch completed successfully

[2025-10-12T11:43:48Z] === Fetch started ===
[2025-10-12T11:43:49Z] [OK] WorldBank KPI saved: area (12162 rows)
[2025-10-12T11:43:49Z] [OK] WorldBank KPI saved: population (12710 rows)
[2025-10-12T11:43:50Z] [OK] WorldBank KPI saved: population_growth (12512 rows)
[2025-10-12T11:43:51Z] [OK] OWID KPI saved: median_age (14874 rows)
[2025-10-12T11:43:51Z] [OK] WorldBank KPI saved: fertility_rate (12512 rows)
[2025-10-12T11:43:52Z] [OK] WorldBank KPI saved: urbanization_rate (12675 rows)
[2025-10-12T11:43:53Z] [OK] OWID KPI saved: democracy_index (2822 rows)
[2025-10-12T11:43:53Z] [OK] OWID KPI saved: press_freedom_index (1592 rows)
[2025-10-12T11:43:53Z] [OK] CSV KPI saved: world_happiness_index (1154 rows)
[2025-10-12T11:43:54Z] [OK] WorldBank KPI saved: gdp (10827 rows)
[2025-10-12T11:43:54Z] [OK] WorldBank KPI saved: gdp_per_capita_current_us (10827 rows)
[2025-10-12T11:43:55Z] [OK] WorldBank KPI saved: gni_per_capita_current_us (9969 rows)
[2025-10-12T11:43:55Z] [OK] WorldBank KPI saved: gini_index (2399 rows)
[2025-10-12T11:43:56Z] [OK] WorldBank KPI saved: public_debt_of_gdp (1595 rows)
[2025-10-12T11:43:56Z] [OK] WorldBank KPI saved: tax_revenue_of_gdp (4521 rows)
[2025-10-12T11:43:57Z] [OK] WorldBank KPI saved: unemployment_rate (6077 rows)
[2025-10-12T11:43:57Z] [OK] CSV KPI saved: big_mac_index (1873 rows)
[2025-10-12T11:43:57Z] [OK] OWID KPI saved: human_development_index_hdi (5906 rows)
[2025-10-12T11:43:58Z] [OK] WorldBank KPI saved: health_expenditure_per_capita (4357 rows)
[2025-10-12T11:43:59Z] [OK] WorldBank KPI saved: physicians_per_1_000_people (5088 rows)
[2025-10-12T11:43:59Z] [OK] WorldBank KPI saved: hospital_beds_per_1_000_people (4718 rows)
[2025-10-12T11:44:00Z] [OK] WorldBank KPI saved: infant_mortality_rate (11445 rows)
[2025-10-12T11:44:00Z] [OK] WorldBank KPI saved: maternal_mortality_ratio (7527 rows)
[2025-10-12T11:44:01Z] [OK] WorldBank KPI saved: life_expectancy_at_birth (12510 rows)
[2025-10-12T11:44:02Z] [OK] WorldBank KPI saved: adult_literacy_rate (1134 rows)
[2025-10-12T11:44:02Z] [OK] OWID KPI saved: homelessness_rate (16 rows)
[2025-10-12T11:44:02Z] [OK] OWID KPI saved: old_age_dependency_ratio (14874 rows)
[2025-10-12T11:44:03Z] [OK] OWID KPI saved: age_dependency_ratio_total (14874 rows)
[2025-10-12T11:44:03Z] [OK] WorldBank KPI saved: measles_vaccination_mcv1 (7931 rows)
[2025-10-12T11:44:04Z] [OK] WorldBank KPI saved: extreme_poverty (2442 rows)
[2025-10-12T11:44:05Z] [OK] WorldBank KPI saved: access_to_basic_drinking_water (4361 rows)
[2025-10-12T11:44:05Z] [OK] OWID KPI saved: co2_emissions (21986 rows)
[2025-10-12T11:44:06Z] [OK] WorldBank KPI saved: air_quality_pm2_5_exposure (5983 rows)
[2025-10-12T11:44:07Z] [OK] WorldBank KPI saved: renewable_energy_share (6157 rows)
[2025-10-12T11:44:07Z] [OK] WorldBank KPI saved: internet_penetration_rate (5754 rows)
[2025-10-12T11:44:08Z] [OK] WorldBank KPI saved: mobile_subscriptions_per_100_inhabitants (9734 rows)
[2025-10-12T11:44:09Z] [OK] WorldBank KPI saved: railway_length (2109 rows)
[2025-10-12T11:44:09Z] [OK] WorldBank KPI saved: inflation_consumer_price_index (5054 rows)
[2025-10-12T11:44:10Z] [OK] WorldBank KPI saved: employment_to_population_ratio (6077 rows)
[2025-10-12T11:44:11Z] [OK] WorldBank KPI saved: female_labor_force_participation (6256 rows)
[2025-10-12T11:44:11Z] [OK] OWID KPI saved: political_corruption_index (25610 rows)
[2025-10-12T11:44:12Z] [OK] OWID KPI saved: life_expectancy (16869 rows)
[2025-10-12T11:44:12Z] [OK] OWID KPI saved: military_spending_sipri (8264 rows)
[2025-10-12T11:44:13Z] [OK] OWID KPI saved: number_of_armed_conflicts (7272 rows)
[2025-10-12T11:44:13Z] [OK] OWID KPI saved: global_conflict_deaths (601 rows)
[2025-10-12T11:44:14Z] [OK] WorldBank KPI saved: road_traffic_deaths_per_100k_people (3669 rows)
[2025-10-12T11:44:14Z] [OK] WorldBank KPI saved: individuals_using_the_internet (5754 rows)
[2025-10-12T11:44:15Z] [OK] WorldBank KPI saved: fixed_broadband_subscriptions_per_100_people (3929 rows)
[2025-10-12T11:44:15Z] [ERR] OWID fetch failed for https://raw.githubusercontent.com/owid/owid-datasets/master/datasets/Electric%20vehicles%20stock/Electric%20vehicles%20stock.csv: HTTP 404
[2025-10-12T11:44:15Z] [WARN] Keeping old data for electric_vehicle_stock (OWID fetch failed https://raw.githubusercontent.com/owid/owid-datasets/master/datasets/Electric%20vehicles%20stock/Electric%20vehicles%20stock.csv)
[2025-10-12T11:44:16Z] [OK] WorldBank KPI saved: education_expenditure_of_gdp (4942 rows)
[2025-10-12T11:44:17Z] [OK] OWID KPI saved: mean_years_of_schooling (4019 rows)
[2025-10-12T11:44:18Z] [OK] WorldBank KPI saved: military_expenditure_of_gdp (7772 rows)
[2025-10-12T11:44:18Z] [ERR] OWID fetch failed for https://raw.githubusercontent.com/owid/owid-datasets/master/datasets/Statutory%20retirement%20age%20by%20sex%20-%20OECD/Statutory%20retirement%20age%20by%20sex%20-%20OECD.csv: HTTP 404
[2025-10-12T11:44:18Z] [WARN] Keeping old data for statutory_retirement_age_male (OWID fetch failed https://raw.githubusercontent.com/owid/owid-datasets/master/datasets/Statutory%20retirement%20age%20by%20sex%20-%20OECD/Statutory%20retirement%20age%20by%20sex%20-%20OECD.csv)
[2025-10-12T11:44:18Z] [WARN] Could not write error file statutory_retirement_age_male_https___raw.githubusercontent.com_owid_owid-datasets_master_datasets_Statutory_20retirement_20age_20by_20sex_20-_20OECD_Statutory_20retirement_20age_2_error.txt: [Errno 2] No such file or directory: 'C:\\Users\\carst\\OneDrive\\Dokumente\\realitycheck_Webseite\\test\\data\\pending\\statutory_retirement_age_male_https___raw.githubusercontent.com_owid_owid-datasets_master_datasets_Statutory_20retirement_20age_20by_20sex_20-_20OECD_Statutory_20retirement_20age_2_error.txt'
[2025-10-12T11:44:18Z] [ERR] OWID fetch failed for https://raw.githubusercontent.com/owid/owid-datasets/master/datasets/Refugees%20by%20country%20of%20asylum%20-%20UNHCR/Refugees%20by%20country%20of%20asylum%20-%20UNHCR.csv: HTTP 404
[2025-10-12T11:44:18Z] [WARN] Keeping old data for refugees_by_destination (OWID fetch failed https://raw.githubusercontent.com/owid/owid-datasets/master/datasets/Refugees%20by%20country%20of%20asylum%20-%20UNHCR/Refugees%20by%20country%20of%20asylum%20-%20UNHCR.csv)
[2025-10-12T11:44:18Z] [WARN] Could not write error file refugees_by_destination_https___raw.githubusercontent.com_owid_owid-datasets_master_datasets_Refugees_20by_20country_20of_20asylum_20-_20UNHCR_Refugees_20by_20country_20of_20_error_error.txt: [Errno 2] No such file or directory: 'C:\\Users\\carst\\OneDrive\\Dokumente\\realitycheck_Webseite\\test\\data\\pending\\refugees_by_destination_https___raw.githubusercontent.com_owid_owid-datasets_master_datasets_Refugees_20by_20country_20of_20asylum_20-_20UNHCR_Refugees_20by_20country_20of_20_error_error.txt'
[2025-10-12T11:44:19Z] [ERR] OWID fetch failed for https://raw.githubusercontent.com/owid/owid-datasets/master/datasets/Battle-related%20deaths%20in%20state-based%20conflicts%20(per%20100%2C000%20people)%20-%20UCDP/Battle-related%20deaths%20in%20state-based%20conflicts%20(per%20100%2C000%20people)%20-%20UCDP.csv: HTTP 404
[2025-10-12T11:44:19Z] [WARN] Keeping old data for death_rate_in_state_based_conflicts (OWID fetch failed https://raw.githubusercontent.com/owid/owid-datasets/master/datasets/Battle-related%20deaths%20in%20state-based%20conflicts%20(per%20100%2C000%20people)%20-%20UCDP/Battle-related%20deaths%20in%20state-based%20conflicts%20(per%20100%2C000%20people)%20-%20UCDP.csv)
[2025-10-12T11:44:19Z] [WARN] Could not write error file death_rate_in_state_based_conflicts_https___raw.githubusercontent.com_owid_owid-datasets_master_datasets_Battle-related_20deaths_20in_20state-based_20conflicts_20_per_20100_2C000_2_error.txt: [Errno 2] No such file or directory: 'C:\\Users\\carst\\OneDrive\\Dokumente\\realitycheck_Webseite\\test\\data\\pending\\death_rate_in_state_based_conflicts_https___raw.githubusercontent.com_owid_owid-datasets_master_datasets_Battle-related_20deaths_20in_20state-based_20conflicts_20_per_20100_2C000_2_error.txt'
[2025-10-12T11:44:19Z] [ERR] OWID fetch failed for https://raw.githubusercontent.com/owid/owid-datasets/master/datasets/Living%20Planet%20Index%20-%20WWF%20and%20ZSL/Living%20Planet%20Index%20-%20WWF%20and%20ZSL.csv: HTTP 404
[2025-10-12T11:44:19Z] [WARN] Keeping old data for living_planet_index (OWID fetch failed https://raw.githubusercontent.com/owid/owid-datasets/master/datasets/Living%20Planet%20Index%20-%20WWF%20and%20ZSL/Living%20Planet%20Index%20-%20WWF%20and%20ZSL.csv)
[2025-10-12T11:44:19Z] [INFO] fetch_status.json written with 56 KPIs and 45 pending countries
=== RealityCheck Fetch Report ===
Countries loaded:   203
KPIs processed:     56
Saved records:      386095

WorldBank KPIs:     35
CSV KPIs:           2
OWID KPIs:          14
UNHCR KPIs:         0

Mapping OK:         401776
Mapping dropped:    102767
Mapping pending:    2960

Dummies created:    0
Errors:             0
=================================
✅ Fetch completed successfully

[2025-10-12T15:17:48Z] === Fetch started ===
[2025-10-12T15:17:49Z] [OK] WorldBank KPI saved: area (12162 rows)
[2025-10-12T15:17:50Z] [OK] WorldBank KPI saved: population (12710 rows)
[2025-10-12T15:17:51Z] [OK] WorldBank KPI saved: population_growth (12512 rows)
[2025-10-12T15:17:52Z] [OK] OWID KPI saved: median_age (14874 rows)
[2025-10-12T15:17:54Z] [OK] WorldBank KPI saved: fertility_rate (12512 rows)
[2025-10-12T15:17:55Z] [OK] WorldBank KPI saved: urbanization_rate (12675 rows)
[2025-10-12T15:17:56Z] [OK] OWID KPI saved: democracy_index (2822 rows)
[2025-10-12T15:17:57Z] [OK] OWID KPI saved: press_freedom_index (1592 rows)
[2025-10-12T15:17:57Z] [OK] CSV KPI saved: world_happiness_index (1154 rows)
[2025-10-12T15:17:58Z] [OK] WorldBank KPI saved: gdp (10827 rows)
[2025-10-12T15:17:59Z] [OK] WorldBank KPI saved: gdp_per_capita_current_us (10827 rows)
[2025-10-12T15:18:01Z] [OK] WorldBank KPI saved: gni_per_capita_current_us (9969 rows)
[2025-10-12T15:18:02Z] [OK] WorldBank KPI saved: gini_index (2399 rows)
[2025-10-12T15:18:04Z] [OK] WorldBank KPI saved: public_debt_of_gdp (1595 rows)
[2025-10-12T15:18:05Z] [OK] WorldBank KPI saved: tax_revenue_of_gdp (4521 rows)
[2025-10-12T15:18:06Z] [OK] WorldBank KPI saved: unemployment_rate (6077 rows)
[2025-10-12T15:18:06Z] [OK] CSV KPI saved: big_mac_index (1873 rows)
[2025-10-12T15:18:07Z] [OK] OWID KPI saved: human_development_index_hdi (5906 rows)
[2025-10-12T15:18:08Z] [OK] WorldBank KPI saved: health_expenditure_per_capita (4357 rows)
[2025-10-12T15:18:09Z] [OK] WorldBank KPI saved: physicians_per_1_000_people (5088 rows)
[2025-10-12T15:18:10Z] [OK] WorldBank KPI saved: hospital_beds_per_1_000_people (4718 rows)
[2025-10-12T15:18:11Z] [OK] WorldBank KPI saved: infant_mortality_rate (11445 rows)
[2025-10-12T15:18:12Z] [OK] WorldBank KPI saved: maternal_mortality_ratio (7527 rows)
[2025-10-12T15:18:13Z] [OK] WorldBank KPI saved: life_expectancy_at_birth (12510 rows)
[2025-10-12T15:18:14Z] [OK] WorldBank KPI saved: adult_literacy_rate (1134 rows)
[2025-10-12T15:18:15Z] [OK] OWID KPI saved: homelessness_rate (16 rows)
[2025-10-12T15:18:16Z] [OK] OWID KPI saved: old_age_dependency_ratio (14874 rows)
[2025-10-12T15:18:17Z] [OK] OWID KPI saved: age_dependency_ratio_total (14874 rows)
[2025-10-12T15:18:18Z] [OK] WorldBank KPI saved: measles_vaccination_mcv1 (7931 rows)
[2025-10-12T15:18:19Z] [OK] WorldBank KPI saved: extreme_poverty (2442 rows)
[2025-10-12T15:18:20Z] [OK] WorldBank KPI saved: access_to_basic_drinking_water (4361 rows)
[2025-10-12T15:18:22Z] [OK] OWID KPI saved: co2_emissions (21986 rows)
[2025-10-12T15:18:23Z] [OK] WorldBank KPI saved: air_quality_pm2_5_exposure (5983 rows)
[2025-10-12T15:18:24Z] [OK] WorldBank KPI saved: renewable_energy_share (6157 rows)
[2025-10-12T15:18:25Z] [OK] WorldBank KPI saved: internet_penetration_rate (5754 rows)
[2025-10-12T15:18:26Z] [OK] WorldBank KPI saved: mobile_subscriptions_per_100_inhabitants (9734 rows)
[2025-10-12T15:18:27Z] [OK] WorldBank KPI saved: railway_length (2109 rows)
[2025-10-12T15:18:28Z] [OK] WorldBank KPI saved: inflation_consumer_price_index (5054 rows)
[2025-10-12T15:18:29Z] [OK] WorldBank KPI saved: employment_to_population_ratio (6077 rows)
[2025-10-12T15:18:30Z] [OK] WorldBank KPI saved: female_labor_force_participation (6256 rows)
[2025-10-12T15:18:31Z] [OK] OWID KPI saved: political_corruption_index (25610 rows)
[2025-10-12T15:18:32Z] [OK] OWID KPI saved: life_expectancy (16869 rows)
[2025-10-12T15:18:33Z] [OK] OWID KPI saved: military_spending_sipri (8264 rows)
[2025-10-12T15:18:34Z] [OK] OWID KPI saved: number_of_armed_conflicts (7272 rows)
[2025-10-12T15:18:35Z] [OK] OWID KPI saved: global_conflict_deaths (601 rows)
[2025-10-12T15:18:36Z] [OK] WorldBank KPI saved: road_traffic_deaths_per_100k_people (3669 rows)
[2025-10-12T15:18:37Z] [OK] WorldBank KPI saved: individuals_using_the_internet (5754 rows)
[2025-10-12T15:18:38Z] [OK] WorldBank KPI saved: fixed_broadband_subscriptions_per_100_people (3929 rows)
[2025-10-12T15:18:39Z] [ERR] OWID fetch failed for https://raw.githubusercontent.com/owid/owid-datasets/master/datasets/Electric%20vehicles%20stock/Electric%20vehicles%20stock.csv: HTTP 404
[2025-10-12T15:18:39Z] [WARN] Keeping old data for electric_vehicle_stock (OWID fetch failed https://raw.githubusercontent.com/owid/owid-datasets/master/datasets/Electric%20vehicles%20stock/Electric%20vehicles%20stock.csv)
[2025-10-12T15:18:40Z] [OK] WorldBank KPI saved: education_expenditure_of_gdp (4942 rows)
[2025-10-12T15:18:41Z] [OK] OWID KPI saved: mean_years_of_schooling (4019 rows)
[2025-10-12T15:18:42Z] [OK] WorldBank KPI saved: military_expenditure_of_gdp (7772 rows)
[2025-10-12T15:18:43Z] [ERR] OWID fetch failed for https://raw.githubusercontent.com/owid/owid-datasets/master/datasets/Statutory%20retirement%20age%20by%20sex%20-%20OECD/Statutory%20retirement%20age%20by%20sex%20-%20OECD.csv: HTTP 404
[2025-10-12T15:18:43Z] [WARN] Keeping old data for statutory_retirement_age_male (OWID fetch failed https://raw.githubusercontent.com/owid/owid-datasets/master/datasets/Statutory%20retirement%20age%20by%20sex%20-%20OECD/Statutory%20retirement%20age%20by%20sex%20-%20OECD.csv)
[2025-10-12T15:18:43Z] [WARN] Could not write error file statutory_retirement_age_male_https___raw.githubusercontent.com_owid_owid-datasets_master_datasets_Statutory_20retirement_20age_20by_20sex_20-_20OECD_Statutory_20retirement_20age_2_error.txt: [Errno 2] No such file or directory: 'C:\\Users\\carst\\OneDrive\\Dokumente\\realitycheck_Webseite\\test\\data\\pending\\statutory_retirement_age_male_https___raw.githubusercontent.com_owid_owid-datasets_master_datasets_Statutory_20retirement_20age_20by_20sex_20-_20OECD_Statutory_20retirement_20age_2_error.txt'
[2025-10-12T15:18:44Z] [ERR] OWID fetch failed for https://raw.githubusercontent.com/owid/owid-datasets/master/datasets/Refugees%20by%20country%20of%20asylum%20-%20UNHCR/Refugees%20by%20country%20of%20asylum%20-%20UNHCR.csv: HTTP 404
[2025-10-12T15:18:44Z] [WARN] Keeping old data for refugees_by_destination (OWID fetch failed https://raw.githubusercontent.com/owid/owid-datasets/master/datasets/Refugees%20by%20country%20of%20asylum%20-%20UNHCR/Refugees%20by%20country%20of%20asylum%20-%20UNHCR.csv)
[2025-10-12T15:18:44Z] [WARN] Could not write error file refugees_by_destination_https___raw.githubusercontent.com_owid_owid-datasets_master_datasets_Refugees_20by_20country_20of_20asylum_20-_20UNHCR_Refugees_20by_20country_20of_20_error_error.txt: [Errno 2] No such file or directory: 'C:\\Users\\carst\\OneDrive\\Dokumente\\realitycheck_Webseite\\test\\data\\pending\\refugees_by_destination_https___raw.githubusercontent.com_owid_owid-datasets_master_datasets_Refugees_20by_20country_20of_20asylum_20-_20UNHCR_Refugees_20by_20country_20of_20_error_error.txt'
[2025-10-12T15:18:45Z] [ERR] OWID fetch failed for https://raw.githubusercontent.com/owid/owid-datasets/master/datasets/Battle-related%20deaths%20in%20state-based%20conflicts%20(per%20100%2C000%20people)%20-%20UCDP/Battle-related%20deaths%20in%20state-based%20conflicts%20(per%20100%2C000%20people)%20-%20UCDP.csv: HTTP 404
[2025-10-12T15:18:45Z] [WARN] Keeping old data for death_rate_in_state_based_conflicts (OWID fetch failed https://raw.githubusercontent.com/owid/owid-datasets/master/datasets/Battle-related%20deaths%20in%20state-based%20conflicts%20(per%20100%2C000%20people)%20-%20UCDP/Battle-related%20deaths%20in%20state-based%20conflicts%20(per%20100%2C000%20people)%20-%20UCDP.csv)
[2025-10-12T15:18:45Z] [WARN] Could not write error file death_rate_in_state_based_conflicts_https___raw.githubusercontent.com_owid_owid-datasets_master_datasets_Battle-related_20deaths_20in_20state-based_20conflicts_20_per_20100_2C000_2_error.txt: [Errno 2] No such file or directory: 'C:\\Users\\carst\\OneDrive\\Dokumente\\realitycheck_Webseite\\test\\data\\pending\\death_rate_in_state_based_conflicts_https___raw.githubusercontent.com_owid_owid-datasets_master_datasets_Battle-related_20deaths_20in_20state-based_20conflicts_20_per_20100_2C000_2_error.txt'
[2025-10-12T15:18:45Z] [ERR] OWID fetch failed for https://raw.githubusercontent.com/owid/owid-datasets/master/datasets/Living%20Planet%20Index%20-%20WWF%20and%20ZSL/Living%20Planet%20Index%20-%20WWF%20and%20ZSL.csv: HTTP 404
[2025-10-12T15:18:45Z] [WARN] Keeping old data for living_planet_index (OWID fetch failed https://raw.githubusercontent.com/owid/owid-datasets/master/datasets/Living%20Planet%20Index%20-%20WWF%20and%20ZSL/Living%20Planet%20Index%20-%20WWF%20and%20ZSL.csv)
[2025-10-12T15:18:45Z] [INFO] fetch_status.json updated with 56 KPIs
=== RealityCheck Fetch Report ===
Countries loaded:   203
KPIs processed:     56
Saved records:      386095

WorldBank KPIs:     35
CSV KPIs:           2
OWID KPIs:          14
UNHCR KPIs:         0

Mapping OK:         401776
Mapping dropped:    102767
Mapping pending:    2960

Dummies created:    0
Skipped (up-to-date): 0
Errors:             0
=================================
✅ Fetch completed successfully

[2025-10-12T15:21:08Z] === Fetch started ===
[2025-10-12T15:21:09Z] [OK] WorldBank KPI saved: area (12162 rows)
[2025-10-12T15:21:10Z] [OK] WorldBank KPI saved: population (12710 rows)
[2025-10-12T15:21:11Z] [OK] WorldBank KPI saved: population_growth (12512 rows)
[2025-10-12T15:21:12Z] [OK] OWID KPI saved: median_age (14874 rows)
[2025-10-12T15:21:13Z] [OK] WorldBank KPI saved: fertility_rate (12512 rows)
[2025-10-12T15:21:14Z] [OK] WorldBank KPI saved: urbanization_rate (12675 rows)
[2025-10-12T15:21:15Z] [OK] OWID KPI saved: democracy_index (2822 rows)
[2025-10-12T15:21:16Z] [OK] OWID KPI saved: press_freedom_index (1592 rows)
[2025-10-12T15:21:16Z] [OK] CSV KPI saved: world_happiness_index (1154 rows)
[2025-10-12T15:21:17Z] [OK] WorldBank KPI saved: gdp (10827 rows)
[2025-10-12T15:21:18Z] [OK] WorldBank KPI saved: gdp_per_capita_current_us (10827 rows)
[2025-10-12T15:21:19Z] [OK] WorldBank KPI saved: gni_per_capita_current_us (9969 rows)
[2025-10-12T15:21:20Z] [OK] WorldBank KPI saved: gini_index (2399 rows)
[2025-10-12T15:21:21Z] [OK] WorldBank KPI saved: public_debt_of_gdp (1595 rows)
[2025-10-12T15:21:22Z] [OK] WorldBank KPI saved: tax_revenue_of_gdp (4521 rows)
[2025-10-12T15:21:23Z] [OK] WorldBank KPI saved: unemployment_rate (6077 rows)
[2025-10-12T15:21:23Z] [OK] CSV KPI saved: big_mac_index (1873 rows)
[2025-10-12T15:21:24Z] [OK] OWID KPI saved: human_development_index_hdi (5906 rows)
[2025-10-12T15:21:25Z] [OK] WorldBank KPI saved: health_expenditure_per_capita (4357 rows)
[2025-10-12T15:21:26Z] [OK] WorldBank KPI saved: physicians_per_1_000_people (5088 rows)
[2025-10-12T15:21:27Z] [OK] WorldBank KPI saved: hospital_beds_per_1_000_people (4718 rows)
[2025-10-12T15:21:28Z] [OK] WorldBank KPI saved: infant_mortality_rate (11445 rows)
[2025-10-12T15:21:29Z] [OK] WorldBank KPI saved: maternal_mortality_ratio (7527 rows)
[2025-10-12T15:21:31Z] [OK] WorldBank KPI saved: life_expectancy_at_birth (12510 rows)
[2025-10-12T15:21:32Z] [OK] WorldBank KPI saved: adult_literacy_rate (1134 rows)
[2025-10-12T15:21:32Z] [OK] OWID KPI saved: homelessness_rate (16 rows)
[2025-10-12T15:21:33Z] [OK] OWID KPI saved: old_age_dependency_ratio (14874 rows)
[2025-10-12T15:21:34Z] [OK] OWID KPI saved: age_dependency_ratio_total (14874 rows)
[2025-10-12T15:21:35Z] [OK] WorldBank KPI saved: measles_vaccination_mcv1 (7931 rows)
[2025-10-12T15:21:36Z] [OK] WorldBank KPI saved: extreme_poverty (2442 rows)
[2025-10-12T15:21:37Z] [OK] WorldBank KPI saved: access_to_basic_drinking_water (4361 rows)
[2025-10-12T15:21:38Z] [OK] OWID KPI saved: co2_emissions (21986 rows)
[2025-10-12T15:21:39Z] [OK] WorldBank KPI saved: air_quality_pm2_5_exposure (5983 rows)
[2025-10-12T15:21:40Z] [OK] WorldBank KPI saved: renewable_energy_share (6157 rows)
[2025-10-12T15:21:41Z] [OK] WorldBank KPI saved: internet_penetration_rate (5754 rows)
[2025-10-12T15:21:43Z] [OK] WorldBank KPI saved: mobile_subscriptions_per_100_inhabitants (9734 rows)
[2025-10-12T15:21:44Z] [OK] WorldBank KPI saved: railway_length (2109 rows)
[2025-10-12T15:21:45Z] [OK] WorldBank KPI saved: inflation_consumer_price_index (5054 rows)
[2025-10-12T15:21:46Z] [OK] WorldBank KPI saved: employment_to_population_ratio (6077 rows)
[2025-10-12T15:21:47Z] [OK] WorldBank KPI saved: female_labor_force_participation (6256 rows)
[2025-10-12T15:21:48Z] [OK] OWID KPI saved: political_corruption_index (25610 rows)
[2025-10-12T15:21:49Z] [OK] OWID KPI saved: life_expectancy (16869 rows)
[2025-10-12T15:21:50Z] [OK] OWID KPI saved: military_spending_sipri (8264 rows)
[2025-10-12T15:21:51Z] [OK] OWID KPI saved: number_of_armed_conflicts (7272 rows)
[2025-10-12T15:21:51Z] [OK] OWID KPI saved: global_conflict_deaths (601 rows)
[2025-10-12T15:21:52Z] [OK] WorldBank KPI saved: road_traffic_deaths_per_100k_people (3669 rows)
[2025-10-12T15:21:53Z] [OK] WorldBank KPI saved: individuals_using_the_internet (5754 rows)
[2025-10-12T15:21:55Z] [OK] WorldBank KPI saved: fixed_broadband_subscriptions_per_100_people (3929 rows)
[2025-10-12T15:21:55Z] [ERR] OWID fetch failed for https://raw.githubusercontent.com/owid/owid-datasets/master/datasets/Electric%20vehicles%20stock/Electric%20vehicles%20stock.csv: HTTP 404
[2025-10-12T15:21:55Z] [WARN] Keeping old data for electric_vehicle_stock (OWID fetch failed https://raw.githubusercontent.com/owid/owid-datasets/master/datasets/Electric%20vehicles%20stock/Electric%20vehicles%20stock.csv)
[2025-10-12T15:21:56Z] [OK] WorldBank KPI saved: education_expenditure_of_gdp (4942 rows)
[2025-10-12T15:21:57Z] [OK] OWID KPI saved: mean_years_of_schooling (4019 rows)
[2025-10-12T15:21:58Z] [OK] WorldBank KPI saved: military_expenditure_of_gdp (7772 rows)
[2025-10-12T15:21:59Z] [ERR] OWID fetch failed for https://raw.githubusercontent.com/owid/owid-datasets/master/datasets/Statutory%20retirement%20age%20by%20sex%20-%20OECD/Statutory%20retirement%20age%20by%20sex%20-%20OECD.csv: HTTP 404
[2025-10-12T15:21:59Z] [WARN] Keeping old data for statutory_retirement_age_male (OWID fetch failed https://raw.githubusercontent.com/owid/owid-datasets/master/datasets/Statutory%20retirement%20age%20by%20sex%20-%20OECD/Statutory%20retirement%20age%20by%20sex%20-%20OECD.csv)
[2025-10-12T15:21:59Z] [WARN] Could not write error file statutory_retirement_age_male_https___raw.githubusercontent.com_owid_owid-datasets_master_datasets_Statutory_20retirement_20age_20by_20sex_20-_20OECD_Statutory_20retirement_20age_2_error.txt: [Errno 2] No such file or directory: 'C:\\Users\\carst\\OneDrive\\Dokumente\\realitycheck_Webseite\\test\\data\\pending\\statutory_retirement_age_male_https___raw.githubusercontent.com_owid_owid-datasets_master_datasets_Statutory_20retirement_20age_20by_20sex_20-_20OECD_Statutory_20retirement_20age_2_error.txt'
[2025-10-12T15:22:00Z] [ERR] OWID fetch failed for https://raw.githubusercontent.com/owid/owid-datasets/master/datasets/Refugees%20by%20country%20of%20asylum%20-%20UNHCR/Refugees%20by%20country%20of%20asylum%20-%20UNHCR.csv: HTTP 404
[2025-10-12T15:22:00Z] [WARN] Keeping old data for refugees_by_destination (OWID fetch failed https://raw.githubusercontent.com/owid/owid-datasets/master/datasets/Refugees%20by%20country%20of%20asylum%20-%20UNHCR/Refugees%20by%20country%20of%20asylum%20-%20UNHCR.csv)
[2025-10-12T15:22:00Z] [WARN] Could not write error file refugees_by_destination_https___raw.githubusercontent.com_owid_owid-datasets_master_datasets_Refugees_20by_20country_20of_20asylum_20-_20UNHCR_Refugees_20by_20country_20of_20_error_error.txt: [Errno 2] No such file or directory: 'C:\\Users\\carst\\OneDrive\\Dokumente\\realitycheck_Webseite\\test\\data\\pending\\refugees_by_destination_https___raw.githubusercontent.com_owid_owid-datasets_master_datasets_Refugees_20by_20country_20of_20asylum_20-_20UNHCR_Refugees_20by_20country_20of_20_error_error.txt'
[2025-10-12T15:22:01Z] [ERR] OWID fetch failed for https://raw.githubusercontent.com/owid/owid-datasets/master/datasets/Battle-related%20deaths%20in%20state-based%20conflicts%20(per%20100%2C000%20people)%20-%20UCDP/Battle-related%20deaths%20in%20state-based%20conflicts%20(per%20100%2C000%20people)%20-%20UCDP.csv: HTTP 404
[2025-10-12T15:22:01Z] [WARN] Keeping old data for death_rate_in_state_based_conflicts (OWID fetch failed https://raw.githubusercontent.com/owid/owid-datasets/master/datasets/Battle-related%20deaths%20in%20state-based%20conflicts%20(per%20100%2C000%20people)%20-%20UCDP/Battle-related%20deaths%20in%20state-based%20conflicts%20(per%20100%2C000%20people)%20-%20UCDP.csv)
[2025-10-12T15:22:01Z] [WARN] Could not write error file death_rate_in_state_based_conflicts_https___raw.githubusercontent.com_owid_owid-datasets_master_datasets_Battle-related_20deaths_20in_20state-based_20conflicts_20_per_20100_2C000_2_error.txt: [Errno 2] No such file or directory: 'C:\\Users\\carst\\OneDrive\\Dokumente\\realitycheck_Webseite\\test\\data\\pending\\death_rate_in_state_based_conflicts_https___raw.githubusercontent.com_owid_owid-datasets_master_datasets_Battle-related_20deaths_20in_20state-based_20conflicts_20_per_20100_2C000_2_error.txt'
[2025-10-12T15:22:01Z] [ERR] OWID fetch failed for https://raw.githubusercontent.com/owid/owid-datasets/master/datasets/Living%20Planet%20Index%20-%20WWF%20and%20ZSL/Living%20Planet%20Index%20-%20WWF%20and%20ZSL.csv: HTTP 404
[2025-10-12T15:22:01Z] [WARN] Keeping old data for living_planet_index (OWID fetch failed https://raw.githubusercontent.com/owid/owid-datasets/master/datasets/Living%20Planet%20Index%20-%20WWF%20and%20ZSL/Living%20Planet%20Index%20-%20WWF%20and%20ZSL.csv)
[2025-10-12T15:22:01Z] [INFO] fetch_status.json updated with 56 KPIs
=== RealityCheck Fetch Report ===
Countries loaded:   203
KPIs processed:     56
Saved records:      386095

WorldBank KPIs:     35
CSV KPIs:           2
OWID KPIs:          14
UNHCR KPIs:         0

Mapping OK:         401776
Mapping dropped:    102767
Mapping pending:    2960

Dummies created:    0
Skipped (up-to-date): 0
Errors:             0
=================================
✅ Fetch completed successfully

[2025-10-12T15:25:18Z] === Fetch started ===
[2025-10-12T15:25:20Z] [OK] WorldBank KPI saved: area (12162 rows)
[2025-10-12T15:25:21Z] [OK] WorldBank KPI saved: population (12710 rows)
[2025-10-12T15:25:22Z] [OK] WorldBank KPI saved: population_growth (12512 rows)
[2025-10-12T15:25:23Z] [OK] OWID KPI saved: median_age (14874 rows)
[2025-10-12T15:25:24Z] [OK] WorldBank KPI saved: fertility_rate (12512 rows)
[2025-10-12T15:25:26Z] [OK] WorldBank KPI saved: urbanization_rate (12675 rows)
[2025-10-12T15:25:27Z] [OK] OWID KPI saved: democracy_index (2822 rows)
[2025-10-12T15:25:27Z] [OK] OWID KPI saved: press_freedom_index (1592 rows)
[2025-10-12T15:25:27Z] [OK] CSV KPI saved: world_happiness_index (1154 rows)
[2025-10-12T15:25:28Z] [OK] WorldBank KPI saved: gdp (10827 rows)
[2025-10-12T15:25:30Z] [OK] WorldBank KPI saved: gdp_per_capita_current_us (10827 rows)
[2025-10-12T15:25:31Z] [OK] WorldBank KPI saved: gni_per_capita_current_us (9969 rows)
[2025-10-12T15:25:32Z] [OK] WorldBank KPI saved: gini_index (2399 rows)
[2025-10-12T15:25:33Z] [OK] WorldBank KPI saved: public_debt_of_gdp (1595 rows)
[2025-10-12T15:25:34Z] [OK] WorldBank KPI saved: tax_revenue_of_gdp (4521 rows)
[2025-10-12T15:25:35Z] [OK] WorldBank KPI saved: unemployment_rate (6077 rows)
[2025-10-12T15:25:35Z] [OK] CSV KPI saved: big_mac_index (1873 rows)
[2025-10-12T15:25:36Z] [OK] OWID KPI saved: human_development_index_hdi (5906 rows)
[2025-10-12T15:25:37Z] [OK] WorldBank KPI saved: health_expenditure_per_capita (4357 rows)
[2025-10-12T15:25:38Z] [OK] WorldBank KPI saved: physicians_per_1_000_people (5088 rows)
[2025-10-12T15:25:40Z] [OK] WorldBank KPI saved: hospital_beds_per_1_000_people (4718 rows)
[2025-10-12T15:25:41Z] [OK] WorldBank KPI saved: infant_mortality_rate (11445 rows)
[2025-10-12T15:25:42Z] [OK] WorldBank KPI saved: maternal_mortality_ratio (7527 rows)
[2025-10-12T15:25:44Z] [OK] WorldBank KPI saved: life_expectancy_at_birth (12510 rows)
[2025-10-12T15:25:45Z] [OK] WorldBank KPI saved: adult_literacy_rate (1134 rows)
[2025-10-12T15:25:46Z] [OK] OWID KPI saved: homelessness_rate (16 rows)
[2025-10-12T15:25:47Z] [OK] OWID KPI saved: old_age_dependency_ratio (14874 rows)
[2025-10-12T15:25:48Z] [OK] OWID KPI saved: age_dependency_ratio_total (14874 rows)
[2025-10-12T15:25:49Z] [OK] WorldBank KPI saved: measles_vaccination_mcv1 (7931 rows)
[2025-10-12T15:25:50Z] [OK] WorldBank KPI saved: extreme_poverty (2442 rows)
[2025-10-12T15:25:51Z] [OK] WorldBank KPI saved: access_to_basic_drinking_water (4361 rows)
[2025-10-12T15:25:52Z] [OK] OWID KPI saved: co2_emissions (21986 rows)
[2025-10-12T15:25:53Z] [OK] WorldBank KPI saved: air_quality_pm2_5_exposure (5983 rows)
[2025-10-12T15:25:55Z] [OK] WorldBank KPI saved: renewable_energy_share (6157 rows)
[2025-10-12T15:25:56Z] [OK] WorldBank KPI saved: internet_penetration_rate (5754 rows)
[2025-10-12T15:25:57Z] [OK] WorldBank KPI saved: mobile_subscriptions_per_100_inhabitants (9734 rows)
[2025-10-12T15:25:58Z] [OK] WorldBank KPI saved: railway_length (2109 rows)
[2025-10-12T15:25:59Z] [OK] WorldBank KPI saved: inflation_consumer_price_index (5054 rows)
[2025-10-12T15:26:00Z] [OK] WorldBank KPI saved: employment_to_population_ratio (6077 rows)
[2025-10-12T15:26:01Z] [OK] WorldBank KPI saved: female_labor_force_participation (6256 rows)
[2025-10-12T15:26:02Z] [OK] OWID KPI saved: political_corruption_index (25610 rows)
[2025-10-12T15:26:03Z] [OK] OWID KPI saved: life_expectancy (16869 rows)
[2025-10-12T15:26:05Z] [OK] OWID KPI saved: military_spending_sipri (8264 rows)
[2025-10-12T15:26:05Z] [OK] OWID KPI saved: number_of_armed_conflicts (7272 rows)
[2025-10-12T15:26:06Z] [OK] OWID KPI saved: global_conflict_deaths (601 rows)
[2025-10-12T15:26:07Z] [OK] WorldBank KPI saved: road_traffic_deaths_per_100k_people (3669 rows)
[2025-10-12T15:26:09Z] [OK] WorldBank KPI saved: individuals_using_the_internet (5754 rows)
[2025-10-12T15:26:10Z] [OK] WorldBank KPI saved: fixed_broadband_subscriptions_per_100_people (3929 rows)
[2025-10-12T15:26:11Z] [ERR] OWID fetch failed for https://raw.githubusercontent.com/owid/owid-datasets/master/datasets/Electric%20vehicles%20stock/Electric%20vehicles%20stock.csv: HTTP 404
[2025-10-12T15:26:11Z] [WARN] Keeping old data for electric_vehicle_stock (OWID fetch failed https://raw.githubusercontent.com/owid/owid-datasets/master/datasets/Electric%20vehicles%20stock/Electric%20vehicles%20stock.csv)
[2025-10-12T15:26:12Z] [OK] WorldBank KPI saved: education_expenditure_of_gdp (4942 rows)
[2025-10-12T15:26:13Z] [OK] OWID KPI saved: mean_years_of_schooling (4019 rows)
[2025-10-12T15:26:15Z] [OK] WorldBank KPI saved: military_expenditure_of_gdp (7772 rows)
[2025-10-12T15:26:15Z] [ERR] OWID fetch failed for https://raw.githubusercontent.com/owid/owid-datasets/master/datasets/Statutory%20retirement%20age%20by%20sex%20-%20OECD/Statutory%20retirement%20age%20by%20sex%20-%20OECD.csv: HTTP 404
[2025-10-12T15:26:15Z] [WARN] Keeping old data for statutory_retirement_age_male (OWID fetch failed https://raw.githubusercontent.com/owid/owid-datasets/master/datasets/Statutory%20retirement%20age%20by%20sex%20-%20OECD/Statutory%20retirement%20age%20by%20sex%20-%20OECD.csv)
[2025-10-12T15:26:15Z] [WARN] Could not write error file statutory_retirement_age_male_https___raw.githubusercontent.com_owid_owid-datasets_master_datasets_Statutory_20retirement_20age_20by_20sex_20-_20OECD_Statutory_20retirement_20age_2_error.txt: [Errno 2] No such file or directory: 'C:\\Users\\carst\\OneDrive\\Dokumente\\realitycheck_Webseite\\test\\data\\pending\\statutory_retirement_age_male_https___raw.githubusercontent.com_owid_owid-datasets_master_datasets_Statutory_20retirement_20age_20by_20sex_20-_20OECD_Statutory_20retirement_20age_2_error.txt'
[2025-10-12T15:26:16Z] [ERR] OWID fetch failed for https://raw.githubusercontent.com/owid/owid-datasets/master/datasets/Refugees%20by%20country%20of%20asylum%20-%20UNHCR/Refugees%20by%20country%20of%20asylum%20-%20UNHCR.csv: HTTP 404
[2025-10-12T15:26:16Z] [WARN] Keeping old data for refugees_by_destination (OWID fetch failed https://raw.githubusercontent.com/owid/owid-datasets/master/datasets/Refugees%20by%20country%20of%20asylum%20-%20UNHCR/Refugees%20by%20country%20of%20asylum%20-%20UNHCR.csv)
[2025-10-12T15:26:16Z] [WARN] Could not write error file refugees_by_destination_https___raw.githubusercontent.com_owid_owid-datasets_master_datasets_Refugees_20by_20country_20of_20asylum_20-_20UNHCR_Refugees_20by_20country_20of_20_error_error.txt: [Errno 2] No such file or directory: 'C:\\Users\\carst\\OneDrive\\Dokumente\\realitycheck_Webseite\\test\\data\\pending\\refugees_by_destination_https___raw.githubusercontent.com_owid_owid-datasets_master_datasets_Refugees_20by_20country_20of_20asylum_20-_20UNHCR_Refugees_20by_20country_20of_20_error_error.txt'
[2025-10-12T15:26:17Z] [ERR] OWID fetch failed for https://raw.githubusercontent.com/owid/owid-datasets/master/datasets/Battle-related%20deaths%20in%20state-based%20conflicts%20(per%20100%2C000%20people)%20-%20UCDP/Battle-related%20deaths%20in%20state-based%20conflicts%20(per%20100%2C000%20people)%20-%20UCDP.csv: HTTP 404
[2025-10-12T15:26:17Z] [WARN] Keeping old data for death_rate_in_state_based_conflicts (OWID fetch failed https://raw.githubusercontent.com/owid/owid-datasets/master/datasets/Battle-related%20deaths%20in%20state-based%20conflicts%20(per%20100%2C000%20people)%20-%20UCDP/Battle-related%20deaths%20in%20state-based%20conflicts%20(per%20100%2C000%20people)%20-%20UCDP.csv)
[2025-10-12T15:26:17Z] [WARN] Could not write error file death_rate_in_state_based_conflicts_https___raw.githubusercontent.com_owid_owid-datasets_master_datasets_Battle-related_20deaths_20in_20state-based_20conflicts_20_per_20100_2C000_2_error.txt: [Errno 2] No such file or directory: 'C:\\Users\\carst\\OneDrive\\Dokumente\\realitycheck_Webseite\\test\\data\\pending\\death_rate_in_state_based_conflicts_https___raw.githubusercontent.com_owid_owid-datasets_master_datasets_Battle-related_20deaths_20in_20state-based_20conflicts_20_per_20100_2C000_2_error.txt'
[2025-10-12T15:26:18Z] [ERR] OWID fetch failed for https://raw.githubusercontent.com/owid/owid-datasets/master/datasets/Living%20Planet%20Index%20-%20WWF%20and%20ZSL/Living%20Planet%20Index%20-%20WWF%20and%20ZSL.csv: HTTP 404
[2025-10-12T15:26:18Z] [WARN] Keeping old data for living_planet_index (OWID fetch failed https://raw.githubusercontent.com/owid/owid-datasets/master/datasets/Living%20Planet%20Index%20-%20WWF%20and%20ZSL/Living%20Planet%20Index%20-%20WWF%20and%20ZSL.csv)
[2025-10-12T15:26:18Z] [INFO] fetch_status.json updated with 56 KPIs
=== RealityCheck Fetch Report ===
Countries loaded:   203
KPIs processed:     56
Saved records:      386095

WorldBank KPIs:     35
CSV KPIs:           2
OWID KPIs:          14
UNHCR KPIs:         0

Mapping OK:         401776
Mapping dropped:    102767
Mapping pending:    2960

Dummies created:    0
Skipped (up-to-date): 0
Errors:             0
=================================
✅ Fetch completed successfully

[2025-10-12T15:28:39Z] === Fetch started ===
[2025-10-12T15:28:41Z] [OK] WorldBank KPI saved: area (12162 rows)
[2025-10-12T15:28:42Z] [OK] WorldBank KPI saved: population (12710 rows)
[2025-10-12T15:28:43Z] [OK] WorldBank KPI saved: population_growth (12512 rows)
[2025-10-12T15:28:44Z] [OK] OWID KPI saved: median_age (14874 rows)
[2025-10-12T15:28:46Z] [OK] WorldBank KPI saved: fertility_rate (12512 rows)
[2025-10-12T15:28:47Z] [OK] WorldBank KPI saved: urbanization_rate (12675 rows)
[2025-10-12T15:28:47Z] [OK] OWID KPI saved: democracy_index (2822 rows)
[2025-10-12T15:28:48Z] [OK] OWID KPI saved: press_freedom_index (1592 rows)
[2025-10-12T15:28:48Z] [OK] CSV KPI saved: world_happiness_index (1154 rows)
[2025-10-12T15:28:49Z] [OK] WorldBank KPI saved: gdp (10827 rows)
[2025-10-12T15:28:50Z] [OK] WorldBank KPI saved: gdp_per_capita_current_us (10827 rows)
[2025-10-12T15:28:51Z] [OK] WorldBank KPI saved: gni_per_capita_current_us (9969 rows)
[2025-10-12T15:28:52Z] [OK] WorldBank KPI saved: gini_index (2399 rows)
[2025-10-12T15:28:53Z] [OK] WorldBank KPI saved: public_debt_of_gdp (1595 rows)
[2025-10-12T15:28:54Z] [OK] WorldBank KPI saved: tax_revenue_of_gdp (4521 rows)
[2025-10-12T15:28:56Z] [OK] WorldBank KPI saved: unemployment_rate (6077 rows)
[2025-10-12T15:28:56Z] [OK] CSV KPI saved: big_mac_index (1873 rows)
[2025-10-12T15:28:56Z] [OK] OWID KPI saved: human_development_index_hdi (5906 rows)
[2025-10-12T15:28:58Z] [OK] WorldBank KPI saved: health_expenditure_per_capita (4357 rows)
[2025-10-12T15:28:59Z] [OK] WorldBank KPI saved: physicians_per_1_000_people (5088 rows)
[2025-10-12T15:29:00Z] [OK] WorldBank KPI saved: hospital_beds_per_1_000_people (4718 rows)
[2025-10-12T15:29:01Z] [OK] WorldBank KPI saved: infant_mortality_rate (11445 rows)
[2025-10-12T15:29:02Z] [OK] WorldBank KPI saved: maternal_mortality_ratio (7527 rows)
[2025-10-12T15:29:03Z] [OK] WorldBank KPI saved: life_expectancy_at_birth (12510 rows)
[2025-10-12T15:29:04Z] [OK] WorldBank KPI saved: adult_literacy_rate (1134 rows)
[2025-10-12T15:29:05Z] [OK] OWID KPI saved: homelessness_rate (16 rows)
[2025-10-12T15:29:06Z] [OK] OWID KPI saved: old_age_dependency_ratio (14874 rows)
[2025-10-12T15:29:07Z] [OK] OWID KPI saved: age_dependency_ratio_total (14874 rows)
[2025-10-12T15:29:08Z] [OK] WorldBank KPI saved: measles_vaccination_mcv1 (7931 rows)
[2025-10-12T15:29:09Z] [OK] WorldBank KPI saved: extreme_poverty (2442 rows)
[2025-10-12T15:29:10Z] [OK] WorldBank KPI saved: access_to_basic_drinking_water (4361 rows)
[2025-10-12T15:29:11Z] [OK] OWID KPI saved: co2_emissions (21986 rows)
[2025-10-12T15:29:12Z] [OK] WorldBank KPI saved: air_quality_pm2_5_exposure (5983 rows)
[2025-10-12T15:29:14Z] [OK] WorldBank KPI saved: renewable_energy_share (6157 rows)
[2025-10-12T15:29:15Z] [OK] WorldBank KPI saved: internet_penetration_rate (5754 rows)
[2025-10-12T15:29:16Z] [OK] WorldBank KPI saved: mobile_subscriptions_per_100_inhabitants (9734 rows)
[2025-10-12T15:29:17Z] [OK] WorldBank KPI saved: railway_length (2109 rows)
[2025-10-12T15:29:18Z] [OK] WorldBank KPI saved: inflation_consumer_price_index (5054 rows)
[2025-10-12T15:29:19Z] [OK] WorldBank KPI saved: employment_to_population_ratio (6077 rows)
[2025-10-12T15:29:20Z] [OK] WorldBank KPI saved: female_labor_force_participation (6256 rows)
[2025-10-12T15:29:21Z] [OK] OWID KPI saved: political_corruption_index (25610 rows)
[2025-10-12T15:29:22Z] [OK] OWID KPI saved: life_expectancy (16869 rows)
[2025-10-12T15:29:23Z] [OK] OWID KPI saved: military_spending_sipri (8264 rows)
[2025-10-12T15:29:23Z] [OK] OWID KPI saved: number_of_armed_conflicts (7272 rows)
[2025-10-12T15:29:24Z] [OK] OWID KPI saved: global_conflict_deaths (601 rows)
[2025-10-12T15:29:25Z] [OK] WorldBank KPI saved: road_traffic_deaths_per_100k_people (3669 rows)
[2025-10-12T15:29:26Z] [OK] WorldBank KPI saved: individuals_using_the_internet (5754 rows)
[2025-10-12T15:29:27Z] [OK] WorldBank KPI saved: fixed_broadband_subscriptions_per_100_people (3929 rows)
[2025-10-12T15:29:28Z] [ERR] OWID fetch failed for https://raw.githubusercontent.com/owid/owid-datasets/master/datasets/Electric%20vehicles%20stock/Electric%20vehicles%20stock.csv: HTTP 404
[2025-10-12T15:29:28Z] [WARN] Keeping old data for electric_vehicle_stock (OWID fetch failed https://raw.githubusercontent.com/owid/owid-datasets/master/datasets/Electric%20vehicles%20stock/Electric%20vehicles%20stock.csv)
[2025-10-12T15:29:29Z] [OK] WorldBank KPI saved: education_expenditure_of_gdp (4942 rows)
[2025-10-12T15:29:30Z] [OK] OWID KPI saved: mean_years_of_schooling (4019 rows)
[2025-10-12T15:29:31Z] [OK] WorldBank KPI saved: military_expenditure_of_gdp (7772 rows)
[2025-10-12T15:29:31Z] [ERR] OWID fetch failed for https://raw.githubusercontent.com/owid/owid-datasets/master/datasets/Statutory%20retirement%20age%20by%20sex%20-%20OECD/Statutory%20retirement%20age%20by%20sex%20-%20OECD.csv: HTTP 404
[2025-10-12T15:29:31Z] [WARN] Keeping old data for statutory_retirement_age_male (OWID fetch failed https://raw.githubusercontent.com/owid/owid-datasets/master/datasets/Statutory%20retirement%20age%20by%20sex%20-%20OECD/Statutory%20retirement%20age%20by%20sex%20-%20OECD.csv)
[2025-10-12T15:29:31Z] [WARN] Could not write error file statutory_retirement_age_male_https___raw.githubusercontent.com_owid_owid-datasets_master_datasets_Statutory_20retirement_20age_20by_20sex_20-_20OECD_Statutory_20retirement_20age_2_error.txt: [Errno 2] No such file or directory: 'C:\\Users\\carst\\OneDrive\\Dokumente\\realitycheck_Webseite\\test\\data\\pending\\statutory_retirement_age_male_https___raw.githubusercontent.com_owid_owid-datasets_master_datasets_Statutory_20retirement_20age_20by_20sex_20-_20OECD_Statutory_20retirement_20age_2_error.txt'
[2025-10-12T15:29:32Z] [ERR] OWID fetch failed for https://raw.githubusercontent.com/owid/owid-datasets/master/datasets/Refugees%20by%20country%20of%20asylum%20-%20UNHCR/Refugees%20by%20country%20of%20asylum%20-%20UNHCR.csv: HTTP 404
[2025-10-12T15:29:32Z] [WARN] Keeping old data for refugees_by_destination (OWID fetch failed https://raw.githubusercontent.com/owid/owid-datasets/master/datasets/Refugees%20by%20country%20of%20asylum%20-%20UNHCR/Refugees%20by%20country%20of%20asylum%20-%20UNHCR.csv)
[2025-10-12T15:29:32Z] [WARN] Could not write error file refugees_by_destination_https___raw.githubusercontent.com_owid_owid-datasets_master_datasets_Refugees_20by_20country_20of_20asylum_20-_20UNHCR_Refugees_20by_20country_20of_20_error_error.txt: [Errno 2] No such file or directory: 'C:\\Users\\carst\\OneDrive\\Dokumente\\realitycheck_Webseite\\test\\data\\pending\\refugees_by_destination_https___raw.githubusercontent.com_owid_owid-datasets_master_datasets_Refugees_20by_20country_20of_20asylum_20-_20UNHCR_Refugees_20by_20country_20of_20_error_error.txt'
[2025-10-12T15:29:33Z] [ERR] OWID fetch failed for https://raw.githubusercontent.com/owid/owid-datasets/master/datasets/Battle-related%20deaths%20in%20state-based%20conflicts%20(per%20100%2C000%20people)%20-%20UCDP/Battle-related%20deaths%20in%20state-based%20conflicts%20(per%20100%2C000%20people)%20-%20UCDP.csv: HTTP 404
[2025-10-12T15:29:33Z] [WARN] Keeping old data for death_rate_in_state_based_conflicts (OWID fetch failed https://raw.githubusercontent.com/owid/owid-datasets/master/datasets/Battle-related%20deaths%20in%20state-based%20conflicts%20(per%20100%2C000%20people)%20-%20UCDP/Battle-related%20deaths%20in%20state-based%20conflicts%20(per%20100%2C000%20people)%20-%20UCDP.csv)
[2025-10-12T15:29:33Z] [WARN] Could not write error file death_rate_in_state_based_conflicts_https___raw.githubusercontent.com_owid_owid-datasets_master_datasets_Battle-related_20deaths_20in_20state-based_20conflicts_20_per_20100_2C000_2_error.txt: [Errno 2] No such file or directory: 'C:\\Users\\carst\\OneDrive\\Dokumente\\realitycheck_Webseite\\test\\data\\pending\\death_rate_in_state_based_conflicts_https___raw.githubusercontent.com_owid_owid-datasets_master_datasets_Battle-related_20deaths_20in_20state-based_20conflicts_20_per_20100_2C000_2_error.txt'
[2025-10-12T15:29:34Z] [ERR] OWID fetch failed for https://raw.githubusercontent.com/owid/owid-datasets/master/datasets/Living%20Planet%20Index%20-%20WWF%20and%20ZSL/Living%20Planet%20Index%20-%20WWF%20and%20ZSL.csv: HTTP 404
[2025-10-12T15:29:34Z] [WARN] Keeping old data for living_planet_index (OWID fetch failed https://raw.githubusercontent.com/owid/owid-datasets/master/datasets/Living%20Planet%20Index%20-%20WWF%20and%20ZSL/Living%20Planet%20Index%20-%20WWF%20and%20ZSL.csv)
[2025-10-12T15:29:34Z] [INFO] fetch_status.json updated with 56 KPIs
=== RealityCheck Fetch Report ===
Countries loaded:   203
KPIs processed:     56
Saved records:      386095

WorldBank KPIs:     35
CSV KPIs:           2
OWID KPIs:          14
UNHCR KPIs:         0

Mapping OK:         401776
Mapping dropped:    102767
Mapping pending:    2960

Dummies created:    0
Skipped (up-to-date): 0
Errors:             0
=================================
✅ Fetch completed successfully

[2025-10-13T11:16:21Z] === Fetch started ===
[2025-10-13T11:16:25Z] [OK] WorldBank KPI saved: area (12162 rows)
[2025-10-13T11:16:27Z] [OK] WorldBank KPI saved: population (12710 rows)
[2025-10-13T11:16:28Z] [OK] WorldBank KPI saved: population_growth (12512 rows)
[2025-10-13T11:16:29Z] [OK] OWID KPI saved: median_age (14874 rows)
[2025-10-13T11:16:31Z] [OK] WorldBank KPI saved: fertility_rate (12512 rows)
[2025-10-13T11:16:32Z] [OK] WorldBank KPI saved: urbanization_rate (12675 rows)
[2025-10-13T11:16:33Z] [OK] OWID KPI saved: democracy_index (2822 rows)
[2025-10-13T11:16:34Z] [OK] OWID KPI saved: press_freedom_index (1592 rows)
[2025-10-13T11:16:34Z] [OK] CSV KPI saved: world_happiness_index (1154 rows)
[2025-10-13T11:16:35Z] [OK] WorldBank KPI saved: gdp (10827 rows)
[2025-10-13T11:16:36Z] [OK] WorldBank KPI saved: gdp_per_capita_current_us (10827 rows)
[2025-10-13T11:16:42Z] [OK] WorldBank KPI saved: gni_per_capita_current_us (9969 rows)
[2025-10-13T11:16:43Z] [OK] WorldBank KPI saved: gini_index (2399 rows)
[2025-10-13T11:16:45Z] [OK] WorldBank KPI saved: public_debt_of_gdp (1595 rows)
[2025-10-13T11:16:46Z] [OK] WorldBank KPI saved: tax_revenue_of_gdp (4521 rows)
[2025-10-13T11:16:47Z] [OK] WorldBank KPI saved: unemployment_rate (6077 rows)
[2025-10-13T11:16:47Z] [OK] CSV KPI saved: big_mac_index (1873 rows)
[2025-10-13T11:16:48Z] [OK] OWID KPI saved: human_development_index_hdi (5906 rows)
[2025-10-13T11:16:52Z] [OK] WorldBank KPI saved: health_expenditure_per_capita (4357 rows)
[2025-10-13T11:17:05Z] [OK] WorldBank KPI saved: physicians_per_1_000_people (5088 rows)
[2025-10-13T11:17:07Z] [OK] WorldBank KPI saved: hospital_beds_per_1_000_people (4718 rows)
[2025-10-13T11:17:09Z] [OK] WorldBank KPI saved: infant_mortality_rate (11445 rows)
[2025-10-13T11:17:11Z] [OK] WorldBank KPI saved: maternal_mortality_ratio (7527 rows)
[2025-10-13T11:17:12Z] [OK] WorldBank KPI saved: life_expectancy_at_birth (12510 rows)
[2025-10-13T11:17:13Z] [OK] WorldBank KPI saved: adult_literacy_rate (1134 rows)
[2025-10-13T11:17:14Z] [OK] OWID KPI saved: homelessness_rate (16 rows)
[2025-10-13T11:17:15Z] [OK] OWID KPI saved: old_age_dependency_ratio (14874 rows)
[2025-10-13T11:17:16Z] [OK] OWID KPI saved: age_dependency_ratio_total (14874 rows)
[2025-10-13T11:17:24Z] [OK] WorldBank KPI saved: measles_vaccination_mcv1 (7931 rows)
[2025-10-13T11:17:39Z] [OK] WorldBank KPI saved: extreme_poverty (2442 rows)
[2025-10-13T11:17:47Z] [OK] WorldBank KPI saved: access_to_basic_drinking_water (4361 rows)
[2025-10-13T11:17:48Z] [OK] OWID KPI saved: co2_emissions (21986 rows)
[2025-10-13T11:17:49Z] [OK] WorldBank KPI saved: air_quality_pm2_5_exposure (5983 rows)
[2025-10-13T11:17:50Z] [OK] WorldBank KPI saved: renewable_energy_share (6157 rows)
[2025-10-13T11:17:51Z] [OK] WorldBank KPI saved: internet_penetration_rate (5754 rows)
[2025-10-13T11:17:54Z] [OK] WorldBank KPI saved: mobile_subscriptions_per_100_inhabitants (9734 rows)
[2025-10-13T11:17:55Z] [OK] WorldBank KPI saved: railway_length (2109 rows)
[2025-10-13T11:17:56Z] [OK] WorldBank KPI saved: inflation_consumer_price_index (5054 rows)
[2025-10-13T11:17:57Z] [OK] WorldBank KPI saved: employment_to_population_ratio (6077 rows)
[2025-10-13T11:17:59Z] [OK] WorldBank KPI saved: female_labor_force_participation (6256 rows)
[2025-10-13T11:18:00Z] [OK] OWID KPI saved: political_corruption_index (25610 rows)
[2025-10-13T11:18:01Z] [OK] OWID KPI saved: life_expectancy (16869 rows)
[2025-10-13T11:18:02Z] [OK] OWID KPI saved: military_spending_sipri (8264 rows)
[2025-10-13T11:18:03Z] [OK] OWID KPI saved: number_of_armed_conflicts (7272 rows)
[2025-10-13T11:18:04Z] [OK] OWID KPI saved: global_conflict_deaths (601 rows)
[2025-10-13T11:18:15Z] [OK] WorldBank KPI saved: road_traffic_deaths_per_100k_people (3669 rows)
[2025-10-13T11:18:16Z] [OK] WorldBank KPI saved: individuals_using_the_internet (5754 rows)
[2025-10-13T11:18:20Z] [OK] WorldBank KPI saved: fixed_broadband_subscriptions_per_100_people (3929 rows)
[2025-10-13T11:18:21Z] [ERR] OWID fetch failed for https://raw.githubusercontent.com/owid/owid-datasets/master/datasets/Electric%20vehicles%20stock/Electric%20vehicles%20stock.csv: HTTP 404
[2025-10-13T11:18:21Z] [WARN] Keeping old data for electric_vehicle_stock (OWID fetch failed https://raw.githubusercontent.com/owid/owid-datasets/master/datasets/Electric%20vehicles%20stock/Electric%20vehicles%20stock.csv)
[2025-10-13T11:18:22Z] [OK] WorldBank KPI saved: education_expenditure_of_gdp (4942 rows)
[2025-10-13T11:18:23Z] [OK] OWID KPI saved: mean_years_of_schooling (4019 rows)
[2025-10-13T11:18:24Z] [OK] WorldBank KPI saved: military_expenditure_of_gdp (7772 rows)
[2025-10-13T11:18:24Z] [ERR] OWID fetch failed for https://raw.githubusercontent.com/owid/owid-datasets/master/datasets/Statutory%20retirement%20age%20by%20sex%20-%20OECD/Statutory%20retirement%20age%20by%20sex%20-%20OECD.csv: HTTP 404
[2025-10-13T11:18:24Z] [WARN] Keeping old data for statutory_retirement_age_male (OWID fetch failed https://raw.githubusercontent.com/owid/owid-datasets/master/datasets/Statutory%20retirement%20age%20by%20sex%20-%20OECD/Statutory%20retirement%20age%20by%20sex%20-%20OECD.csv)
[2025-10-13T11:18:24Z] [WARN] Could not write error file statutory_retirement_age_male_https___raw.githubusercontent.com_owid_owid-datasets_master_datasets_Statutory_20retirement_20age_20by_20sex_20-_20OECD_Statutory_20retirement_20age_2_error.txt: [Errno 2] No such file or directory: 'C:\\Users\\carst\\OneDrive\\Dokumente\\realitycheck_Webseite\\test\\data\\pending\\statutory_retirement_age_male_https___raw.githubusercontent.com_owid_owid-datasets_master_datasets_Statutory_20retirement_20age_20by_20sex_20-_20OECD_Statutory_20retirement_20age_2_error.txt'
[2025-10-13T11:18:25Z] [ERR] OWID fetch failed for https://raw.githubusercontent.com/owid/owid-datasets/master/datasets/Refugees%20by%20country%20of%20asylum%20-%20UNHCR/Refugees%20by%20country%20of%20asylum%20-%20UNHCR.csv: HTTP 404
[2025-10-13T11:18:25Z] [WARN] Keeping old data for refugees_by_destination (OWID fetch failed https://raw.githubusercontent.com/owid/owid-datasets/master/datasets/Refugees%20by%20country%20of%20asylum%20-%20UNHCR/Refugees%20by%20country%20of%20asylum%20-%20UNHCR.csv)
[2025-10-13T11:18:25Z] [WARN] Could not write error file refugees_by_destination_https___raw.githubusercontent.com_owid_owid-datasets_master_datasets_Refugees_20by_20country_20of_20asylum_20-_20UNHCR_Refugees_20by_20country_20of_20_error_error.txt: [Errno 2] No such file or directory: 'C:\\Users\\carst\\OneDrive\\Dokumente\\realitycheck_Webseite\\test\\data\\pending\\refugees_by_destination_https___raw.githubusercontent.com_owid_owid-datasets_master_datasets_Refugees_20by_20country_20of_20asylum_20-_20UNHCR_Refugees_20by_20country_20of_20_error_error.txt'
[2025-10-13T11:18:26Z] [ERR] OWID fetch failed for https://raw.githubusercontent.com/owid/owid-datasets/master/datasets/Battle-related%20deaths%20in%20state-based%20conflicts%20(per%20100%2C000%20people)%20-%20UCDP/Battle-related%20deaths%20in%20state-based%20conflicts%20(per%20100%2C000%20people)%20-%20UCDP.csv: HTTP 404
[2025-10-13T11:18:26Z] [WARN] Keeping old data for death_rate_in_state_based_conflicts (OWID fetch failed https://raw.githubusercontent.com/owid/owid-datasets/master/datasets/Battle-related%20deaths%20in%20state-based%20conflicts%20(per%20100%2C000%20people)%20-%20UCDP/Battle-related%20deaths%20in%20state-based%20conflicts%20(per%20100%2C000%20people)%20-%20UCDP.csv)
[2025-10-13T11:18:26Z] [WARN] Could not write error file death_rate_in_state_based_conflicts_https___raw.githubusercontent.com_owid_owid-datasets_master_datasets_Battle-related_20deaths_20in_20state-based_20conflicts_20_per_20100_2C000_2_error.txt: [Errno 2] No such file or directory: 'C:\\Users\\carst\\OneDrive\\Dokumente\\realitycheck_Webseite\\test\\data\\pending\\death_rate_in_state_based_conflicts_https___raw.githubusercontent.com_owid_owid-datasets_master_datasets_Battle-related_20deaths_20in_20state-based_20conflicts_20_per_20100_2C000_2_error.txt'
[2025-10-13T11:18:27Z] [ERR] OWID fetch failed for https://raw.githubusercontent.com/owid/owid-datasets/master/datasets/Living%20Planet%20Index%20-%20WWF%20and%20ZSL/Living%20Planet%20Index%20-%20WWF%20and%20ZSL.csv: HTTP 404
[2025-10-13T11:18:27Z] [WARN] Keeping old data for living_planet_index (OWID fetch failed https://raw.githubusercontent.com/owid/owid-datasets/master/datasets/Living%20Planet%20Index%20-%20WWF%20and%20ZSL/Living%20Planet%20Index%20-%20WWF%20and%20ZSL.csv)
[2025-10-13T11:18:27Z] [INFO] fetch_status.json updated with 56 KPIs
=== RealityCheck Fetch Report ===
Countries loaded:   203
KPIs processed:     56
Saved records:      386095

WorldBank KPIs:     35
CSV KPIs:           2
OWID KPIs:          14
UNHCR KPIs:         0

Mapping OK:         401776
Mapping dropped:    102767
Mapping pending:    2960

Dummies created:    0
Skipped (up-to-date): 0
Errors:             0
=================================
✅ Fetch completed successfully

